  Determining projects to restore...
c:\Projects\Decode\Microservices\Inventory\Inventory.Application\Inventory.Application.csproj : warning NU1903: Package 'AutoMapper' 16.0.0 has a known high severity vulnerability, https://github.com/advisories/GHSA-rvv3-g6hj-g44x
  All projects are up-to-date for restore.
c:\Projects\Decode\Microservices\Inventory\Inventory.Application\Inventory.Application.csproj : warning NU1903: Package 'AutoMapper' 16.0.0 has a known high severity vulnerability, https://github.com/advisories/GHSA-rvv3-g6hj-g44x
  Inventory.Domain -> c:\Projects\Decode\Microservices\Inventory\Inventory.Domain\bin\Debug\net10.0\Inventory.Domain.dll
c:\Projects\Decode\Microservices\Inventory\Inventory.Application\Notification\DTOs\NotificationDto.cs(4,19): warning CS8618: Non-nullable property 'Title' must contain a non-null value when exiting constructor. Consider adding the 'required' modifier or declaring the property as nullable. [c:\Projects\Decode\Microservices\Inventory\Inventory.Application\Inventory.Application.csproj]
c:\Projects\Decode\Microservices\Inventory\Inventory.Application\Notification\DTOs\NotificationDto.cs(5,19): warning CS8618: Non-nullable property 'Message' must contain a non-null value when exiting constructor. Consider adding the 'required' modifier or declaring the property as nullable. [c:\Projects\Decode\Microservices\Inventory\Inventory.Application\Inventory.Application.csproj]
c:\Projects\Decode\Microservices\Inventory\Inventory.Application\Notification\DTOs\NotificationDto.cs(6,19): warning CS8618: Non-nullable property 'Type' must contain a non-null value when exiting constructor. Consider adding the 'required' modifier or declaring the property as nullable. [c:\Projects\Decode\Microservices\Inventory\Inventory.Application\Inventory.Application.csproj]
c:\Projects\Decode\Microservices\Inventory\Inventory.Application\Notification\DTOs\NotificationDto.cs(8,19): warning CS8618: Non-nullable property 'CreatedAtFormatted' must contain a non-null value when exiting constructor. Consider adding the 'required' modifier or declaring the property as nullable. [c:\Projects\Decode\Microservices\Inventory\Inventory.Application\Inventory.Application.csproj]
c:\Projects\Decode\Microservices\Inventory\Inventory.Application\Notification\DTOs\NotificationDto.cs(9,19): warning CS8618: Non-nullable property 'TargetUrl' must contain a non-null value when exiting constructor. Consider adding the 'required' modifier or declaring the property as nullable. [c:\Projects\Decode\Microservices\Inventory\Inventory.Application\Inventory.Application.csproj]
c:\Projects\Decode\Microservices\Inventory\Inventory.Application\Products\DTOs\ExcelExportDto.cs(3,19): warning CS8618: Non-nullable property 'ProductName' must contain a non-null value when exiting constructor. Consider adding the 'required' modifier or declaring the property as nullable. [c:\Projects\Decode\Microservices\Inventory\Inventory.Application\Inventory.Application.csproj]
c:\Projects\Decode\Microservices\Inventory\Inventory.Application\Products\DTOs\ExcelExportDto.cs(4,19): warning CS8618: Non-nullable property 'SKU' must contain a non-null value when exiting constructor. Consider adding the 'required' modifier or declaring the property as nullable. [c:\Projects\Decode\Microservices\Inventory\Inventory.Application\Inventory.Application.csproj]
c:\Projects\Decode\Microservices\Inventory\Inventory.Application\Products\DTOs\ExcelExportDto.cs(5,19): warning CS8618: Non-nullable property 'Category' must contain a non-null value when exiting constructor. Consider adding the 'required' modifier or declaring the property as nullable. [c:\Projects\Decode\Microservices\Inventory\Inventory.Application\Inventory.Application.csproj]
c:\Projects\Decode\Microservices\Inventory\Inventory.Application\Products\DTOs\ExcelExportDto.cs(8,19): warning CS8618: Non-nullable property 'Unit' must contain a non-null value when exiting constructor. Consider adding the 'required' modifier or declaring the property as nullable. [c:\Projects\Decode\Microservices\Inventory\Inventory.Application\Inventory.Application.csproj]
c:\Projects\Decode\Microservices\Inventory\Inventory.Application\Products\DTOs\LowStockProductDto.cs(4,19): warning CS8618: Non-nullable property 'CategoryName' must contain a non-null value when exiting constructor. Consider adding the 'required' modifier or declaring the property as nullable. [c:\Projects\Decode\Microservices\Inventory\Inventory.Application\Inventory.Application.csproj]
c:\Projects\Decode\Microservices\Inventory\Inventory.Application\Products\DTOs\LowStockProductDto.cs(5,19): warning CS8618: Non-nullable property 'SubCategoryName' must contain a non-null value when exiting constructor. Consider adding the 'required' modifier or declaring the property as nullable. [c:\Projects\Decode\Microservices\Inventory\Inventory.Application\Inventory.Application.csproj]
c:\Projects\Decode\Microservices\Inventory\Inventory.Application\Products\DTOs\LowStockProductDto.cs(6,19): warning CS8618: Non-nullable property 'ProductName' must contain a non-null value when exiting constructor. Consider adding the 'required' modifier or declaring the property as nullable. [c:\Projects\Decode\Microservices\Inventory\Inventory.Application\Inventory.Application.csproj]
c:\Projects\Decode\Microservices\Inventory\Inventory.Application\Products\DTOs\LowStockProductDto.cs(7,19): warning CS8618: Non-nullable property 'SKU' must contain a non-null value when exiting constructor. Consider adding the 'required' modifier or declaring the property as nullable. [c:\Projects\Decode\Microservices\Inventory\Inventory.Application\Inventory.Application.csproj]
c:\Projects\Decode\Microservices\Inventory\Inventory.Application\Products\DTOs\LowStockProductDto.cs(8,19): warning CS8618: Non-nullable property 'Unit' must contain a non-null value when exiting constructor. Consider adding the 'required' modifier or declaring the property as nullable. [c:\Projects\Decode\Microservices\Inventory\Inventory.Application\Inventory.Application.csproj]
c:\Projects\Decode\Microservices\Inventory\Inventory.Application\GRN\DTOs\Stock\StockRefillDetailsDto.cs(5,19): warning CS8618: Non-nullable property 'SupplierName' must contain a non-null value when exiting constructor. Consider adding the 'required' modifier or declaring the property as nullable. [c:\Projects\Decode\Microservices\Inventory\Inventory.Application\Inventory.Application.csproj]
c:\Projects\Decode\Microservices\Inventory\Inventory.Application\GRN\DTOs\Stock\StockRefillDetailsDto.cs(7,19): warning CS8618: Non-nullable property 'PoNumber' must contain a non-null value when exiting constructor. Consider adding the 'required' modifier or declaring the property as nullable. [c:\Projects\Decode\Microservices\Inventory\Inventory.Application\Inventory.Application.csproj]
c:\Projects\Decode\Microservices\Inventory\Inventory.Application\GRN\DTOs\Stock\StockRefillDetailsDto.cs(13,19): warning CS8618: Non-nullable property 'ProductName' must contain a non-null value when exiting constructor. Consider adding the 'required' modifier or declaring the property as nullable. [c:\Projects\Decode\Microservices\Inventory\Inventory.Application\Inventory.Application.csproj]
c:\Projects\Decode\Microservices\Inventory\Inventory.Application\GRN\DTOs\Stock\StockRefillDetailsDto.cs(15,19): warning CS8618: Non-nullable property 'Unit' must contain a non-null value when exiting constructor. Consider adding the 'required' modifier or declaring the property as nullable. [c:\Projects\Decode\Microservices\Inventory\Inventory.Application\Inventory.Application.csproj]
c:\Projects\Decode\Microservices\Inventory\Inventory.Application\GRN\DTOs\Stock\StockRefillDetailsDto.cs(23,19): warning CS8618: Non-nullable property 'Remarks' must contain a non-null value when exiting constructor. Consider adding the 'required' modifier or declaring the property as nullable. [c:\Projects\Decode\Microservices\Inventory\Inventory.Application\Inventory.Application.csproj]
c:\Projects\Decode\Microservices\Inventory\Inventory.Application\Products\Queries\GetProductLookups\GetProductLookupsQueryHandler.cs(31,24): warning CS8601: Possible null reference assignment. [c:\Projects\Decode\Microservices\Inventory\Inventory.Application\Inventory.Application.csproj]
c:\Projects\Decode\Microservices\Inventory\Inventory.Application\Products\Queries\GetProductLookups\GetProductLookupsQueryHandler.cs(32,32): warning CS8601: Possible null reference assignment. [c:\Projects\Decode\Microservices\Inventory\Inventory.Application\Inventory.Application.csproj]
c:\Projects\Decode\Microservices\Inventory\Inventory.Application\Products\Queries\GetProductLookups\GetProductLookupsQueryHandler.cs(40,24): warning CS8601: Possible null reference assignment. [c:\Projects\Decode\Microservices\Inventory\Inventory.Application\Inventory.Application.csproj]
c:\Projects\Decode\Microservices\Inventory\Inventory.Application\PurchaseOrders\DTOs\PODocumentDto.cs(4,19): warning CS8618: Non-nullable property 'PoNumber' must contain a non-null value when exiting constructor. Consider adding the 'required' modifier or declaring the property as nullable. [c:\Projects\Decode\Microservices\Inventory\Inventory.Application\Inventory.Application.csproj]
c:\Projects\Decode\Microservices\Inventory\Inventory.Application\PurchaseOrders\DTOs\PODocumentDto.cs(5,19): warning CS8618: Non-nullable property 'SupplierName' must contain a non-null value when exiting constructor. Consider adding the 'required' modifier or declaring the property as nullable. [c:\Projects\Decode\Microservices\Inventory\Inventory.Application\Inventory.Application.csproj]
c:\Projects\Decode\Microservices\Inventory\Inventory.Application\PurchaseOrders\DTOs\PODocumentDto.cs(7,19): warning CS8618: Non-nullable property 'Remarks' must contain a non-null value when exiting constructor. Consider adding the 'required' modifier or declaring the property as nullable. [c:\Projects\Decode\Microservices\Inventory\Inventory.Application\Inventory.Application.csproj]
c:\Projects\Decode\Microservices\Inventory\Inventory.Application\PurchaseOrders\DTOs\PODocumentDto.cs(11,19): warning CS8618: Non-nullable property 'Status' must contain a non-null value when exiting constructor. Consider adding the 'required' modifier or declaring the property as nullable. [c:\Projects\Decode\Microservices\Inventory\Inventory.Application\Inventory.Application.csproj]
c:\Projects\Decode\Microservices\Inventory\Inventory.Application\PurchaseOrders\DTOs\PODocumentDto.cs(12,19): warning CS8618: Non-nullable property 'CreatedBy' must contain a non-null value when exiting constructor. Consider adding the 'required' modifier or declaring the property as nullable. [c:\Projects\Decode\Microservices\Inventory\Inventory.Application\Inventory.Application.csproj]
c:\Projects\Decode\Microservices\Inventory\Inventory.Application\PurchaseOrders\DTOs\PODocumentDto.cs(15,36): warning CS8618: Non-nullable property 'Items' must contain a non-null value when exiting constructor. Consider adding the 'required' modifier or declaring the property as nullable. [c:\Projects\Decode\Microservices\Inventory\Inventory.Application\Inventory.Application.csproj]
c:\Projects\Decode\Microservices\Inventory\Inventory.Application\PurchaseOrders\DTOs\PODocumentDto.cs(23,19): warning CS8618: Non-nullable property 'ProductName' must contain a non-null value when exiting constructor. Consider adding the 'required' modifier or declaring the property as nullable. [c:\Projects\Decode\Microservices\Inventory\Inventory.Application\Inventory.Application.csproj]
c:\Projects\Decode\Microservices\Inventory\Inventory.Application\PurchaseOrders\DTOs\PODocumentDto.cs(25,19): warning CS8618: Non-nullable property 'Unit' must contain a non-null value when exiting constructor. Consider adding the 'required' modifier or declaring the property as nullable. [c:\Projects\Decode\Microservices\Inventory\Inventory.Application\Inventory.Application.csproj]
c:\Projects\Decode\Microservices\Inventory\Inventory.Application\PurchaseOrders\Queries\GetPOsPaged\GetPurchaseOrdersHandler.cs(13,50): warning CS8604: Possible null reference argument for parameter 'sortField' in 'Task<(IEnumerable<PurchaseOrder> Items, int TotalCount)> IPurchaseOrderRepository.GetPagedOrdersAsync(int pageIndex, int pageSize, string sortField, string sortOrder, string filter)'. [c:\Projects\Decode\Microservices\Inventory\Inventory.Application\Inventory.Application.csproj]
c:\Projects\Decode\Microservices\Inventory\Inventory.Application\PurchaseOrders\Queries\GetPOsPaged\GetPurchaseOrdersHandler.cs(13,69): warning CS8604: Possible null reference argument for parameter 'sortOrder' in 'Task<(IEnumerable<PurchaseOrder> Items, int TotalCount)> IPurchaseOrderRepository.GetPagedOrdersAsync(int pageIndex, int pageSize, string sortField, string sortOrder, string filter)'. [c:\Projects\Decode\Microservices\Inventory\Inventory.Application\Inventory.Application.csproj]
c:\Projects\Decode\Microservices\Inventory\Inventory.Application\PurchaseOrders\Queries\GetPOsPaged\GetPurchaseOrdersHandler.cs(13,88): warning CS8604: Possible null reference argument for parameter 'filter' in 'Task<(IEnumerable<PurchaseOrder> Items, int TotalCount)> IPurchaseOrderRepository.GetPagedOrdersAsync(int pageIndex, int pageSize, string sortField, string sortOrder, string filter)'. [c:\Projects\Decode\Microservices\Inventory\Inventory.Application\Inventory.Application.csproj]
c:\Projects\Decode\Microservices\Inventory\Inventory.Application\PurchaseOrders\DTOs\PurchaseOrderDto.cs(4,19): warning CS8618: Non-nullable property 'PoNumber' must contain a non-null value when exiting constructor. Consider adding the 'required' modifier or declaring the property as nullable. [c:\Projects\Decode\Microservices\Inventory\Inventory.Application\Inventory.Application.csproj]
c:\Projects\Decode\Microservices\Inventory\Inventory.Application\PurchaseOrders\DTOs\PurchaseOrderDto.cs(6,19): warning CS8618: Non-nullable property 'SupplierName' must contain a non-null value when exiting constructor. Consider adding the 'required' modifier or declaring the property as nullable. [c:\Projects\Decode\Microservices\Inventory\Inventory.Application\Inventory.Application.csproj]
c:\Projects\Decode\Microservices\Inventory\Inventory.Application\PurchaseOrders\DTOs\PurchaseOrderDto.cs(13,19): warning CS8618: Non-nullable property 'Status' must contain a non-null value when exiting constructor. Consider adding the 'required' modifier or declaring the property as nullable. [c:\Projects\Decode\Microservices\Inventory\Inventory.Application\Inventory.Application.csproj]
c:\Projects\Decode\Microservices\Inventory\Inventory.Application\PurchaseOrders\DTOs\PurchaseOrderDto.cs(14,19): warning CS8618: Non-nullable property 'CreatedBy' must contain a non-null value when exiting constructor. Consider adding the 'required' modifier or declaring the property as nullable. [c:\Projects\Decode\Microservices\Inventory\Inventory.Application\Inventory.Application.csproj]
c:\Projects\Decode\Microservices\Inventory\Inventory.Application\PurchaseOrders\DTOs\PurchaseOrderDto.cs(15,19): warning CS8618: Non-nullable property 'UpdatedBy' must contain a non-null value when exiting constructor. Consider adding the 'required' modifier or declaring the property as nullable. [c:\Projects\Decode\Microservices\Inventory\Inventory.Application\Inventory.Application.csproj]
c:\Projects\Decode\Microservices\Inventory\Inventory.Application\PurchaseOrders\Queries\POHeader\GetPOHeaderDetailsHandler.cs(19,32): warning CS8603: Possible null reference return. [c:\Projects\Decode\Microservices\Inventory\Inventory.Application\Inventory.Application.csproj]
c:\Projects\Decode\Microservices\Inventory\Inventory.Application\PurchaseReturn\DTOs\RejectedItemDto.cs(4,19): warning CS8618: Non-nullable property 'ProductName' must contain a non-null value when exiting constructor. Consider adding the 'required' modifier or declaring the property as nullable. [c:\Projects\Decode\Microservices\Inventory\Inventory.Application\Inventory.Application.csproj]
c:\Projects\Decode\Microservices\Inventory\Inventory.Application\PurchaseReturn\DTOs\RejectedItemDto.cs(5,19): warning CS8618: Non-nullable property 'GrnRef' must contain a non-null value when exiting constructor. Consider adding the 'required' modifier or declaring the property as nullable. [c:\Projects\Decode\Microservices\Inventory\Inventory.Application\Inventory.Application.csproj]
c:\Projects\Decode\Microservices\Inventory\Inventory.Application\SaleOrders\SaleReturn\DTOs\CreditNotePrintDto.cs(5,19): warning CS8618: Non-nullable property 'ReturnNumber' must contain a non-null value when exiting constructor. Consider adding the 'required' modifier or declaring the property as nullable. [c:\Projects\Decode\Microservices\Inventory\Inventory.Application\Inventory.Application.csproj]
c:\Projects\Decode\Microservices\Inventory\Inventory.Application\SaleOrders\SaleReturn\DTOs\CreditNotePrintDto.cs(8,19): warning CS8618: Non-nullable property 'CustomerName' must contain a non-null value when exiting constructor. Consider adding the 'required' modifier or declaring the property as nullable. [c:\Projects\Decode\Microservices\Inventory\Inventory.Application\Inventory.Application.csproj]
c:\Projects\Decode\Microservices\Inventory\Inventory.Application\SaleOrders\SaleReturn\DTOs\CreditNotePrintDto.cs(9,19): warning CS8618: Non-nullable property 'SONumber' must contain a non-null value when exiting constructor. Consider adding the 'required' modifier or declaring the property as nullable. [c:\Projects\Decode\Microservices\Inventory\Inventory.Application\Inventory.Application.csproj]
c:\Projects\Decode\Microservices\Inventory\Inventory.Application\SaleOrders\SaleReturn\DTOs\CreditNotePrintDto.cs(14,37): warning CS8618: Non-nullable property 'Items' must contain a non-null value when exiting constructor. Consider adding the 'required' modifier or declaring the property as nullable. [c:\Projects\Decode\Microservices\Inventory\Inventory.Application\Inventory.Application.csproj]
c:\Projects\Decode\Microservices\Inventory\Inventory.Application\SaleOrders\SaleReturn\DTOs\CreditNotePrintDto.cs(15,30): warning CS8618: Non-nullable property 'CompanyInfo' must contain a non-null value when exiting constructor. Consider adding the 'required' modifier or declaring the property as nullable. [c:\Projects\Decode\Microservices\Inventory\Inventory.Application\Inventory.Application.csproj]
c:\Projects\Decode\Microservices\Inventory\Inventory.Application\SaleOrders\SaleReturn\DTOs\CreditNotePrintDto.cs(20,19): warning CS8618: Non-nullable property 'ProductName' must contain a non-null value when exiting constructor. Consider adding the 'required' modifier or declaring the property as nullable. [c:\Projects\Decode\Microservices\Inventory\Inventory.Application\Inventory.Application.csproj]
c:\Projects\Decode\Microservices\Inventory\Inventory.Application\Categories\Queries\GetCategoryById\GetCategoryByIdQueryHandler.cs(26,28): warning CS8601: Possible null reference assignment. [c:\Projects\Decode\Microservices\Inventory\Inventory.Application\Inventory.Application.csproj]
c:\Projects\Decode\Microservices\Inventory\Inventory.Application\Categories\Queries\GetCategoryById\GetCategoryByIdQueryHandler.cs(27,28): warning CS8601: Possible null reference assignment. [c:\Projects\Decode\Microservices\Inventory\Inventory.Application\Inventory.Application.csproj]
c:\Projects\Decode\Microservices\Inventory\Inventory.Application\Subcategories\Queries\GetSubcategoriesByCategory\GetSubcategoriesByCategoryQueryHandler.cs(26,28): warning CS8601: Possible null reference assignment. [c:\Projects\Decode\Microservices\Inventory\Inventory.Application\Inventory.Application.csproj]
c:\Projects\Decode\Microservices\Inventory\Inventory.Application\Subcategories\Queries\GetSubcategoriesByCategory\GetSubcategoriesByCategoryQueryHandler.cs(27,31): warning CS8601: Possible null reference assignment. [c:\Projects\Decode\Microservices\Inventory\Inventory.Application\Inventory.Application.csproj]
c:\Projects\Decode\Microservices\Inventory\Inventory.Application\Subcategories\Queries\GetSubcategoriesByCategory\GetSubcategoriesByCategoryQueryHandler.cs(28,31): warning CS8601: Possible null reference assignment. [c:\Projects\Decode\Microservices\Inventory\Inventory.Application\Inventory.Application.csproj]
c:\Projects\Decode\Microservices\Inventory\Inventory.Application\PurchaseOrders\DTOs\PurchaseOrderItemDto.cs(6,19): warning CS8618: Non-nullable property 'ProductName' must contain a non-null value when exiting constructor. Consider adding the 'required' modifier or declaring the property as nullable. [c:\Projects\Decode\Microservices\Inventory\Inventory.Application\Inventory.Application.csproj]
c:\Projects\Decode\Microservices\Inventory\Inventory.Application\PurchaseOrders\DTOs\PurchaseOrderItemDto.cs(8,19): warning CS8618: Non-nullable property 'Unit' must contain a non-null value when exiting constructor. Consider adding the 'required' modifier or declaring the property as nullable. [c:\Projects\Decode\Microservices\Inventory\Inventory.Application\Inventory.Application.csproj]
c:\Projects\Decode\Microservices\Inventory\Inventory.Application\Clients\DTOs\CompanyProfileDto.cs(41,23): warning CS8618: Non-nullable property 'BankName' must contain a non-null value when exiting constructor. Consider adding the 'required' modifier or declaring the property as nullable. [c:\Projects\Decode\Microservices\Inventory\Inventory.Application\Inventory.Application.csproj]
c:\Projects\Decode\Microservices\Inventory\Inventory.Application\Clients\DTOs\CompanyProfileDto.cs(42,23): warning CS8618: Non-nullable property 'BranchName' must contain a non-null value when exiting constructor. Consider adding the 'required' modifier or declaring the property as nullable. [c:\Projects\Decode\Microservices\Inventory\Inventory.Application\Inventory.Application.csproj]
c:\Projects\Decode\Microservices\Inventory\Inventory.Application\Clients\DTOs\CompanyProfileDto.cs(43,23): warning CS8618: Non-nullable property 'AccountNumber' must contain a non-null value when exiting constructor. Consider adding the 'required' modifier or declaring the property as nullable. [c:\Projects\Decode\Microservices\Inventory\Inventory.Application\Inventory.Application.csproj]
c:\Projects\Decode\Microservices\Inventory\Inventory.Application\Clients\DTOs\CompanyProfileDto.cs(44,23): warning CS8618: Non-nullable property 'IfscCode' must contain a non-null value when exiting constructor. Consider adding the 'required' modifier or declaring the property as nullable. [c:\Projects\Decode\Microservices\Inventory\Inventory.Application\Inventory.Application.csproj]
c:\Projects\Decode\Microservices\Inventory\Inventory.Application\Clients\DTOs\CompanyProfileDto.cs(45,23): warning CS8618: Non-nullable property 'AccountType' must contain a non-null value when exiting constructor. Consider adding the 'required' modifier or declaring the property as nullable. [c:\Projects\Decode\Microservices\Inventory\Inventory.Application\Inventory.Application.csproj]
c:\Projects\Decode\Microservices\Inventory\Inventory.Application\Clients\DTOs\CompanyProfileDto.cs(46,23): warning CS8618: Non-nullable property 'Email' must contain a non-null value when exiting constructor. Consider adding the 'required' modifier or declaring the property as nullable. [c:\Projects\Decode\Microservices\Inventory\Inventory.Application\Inventory.Application.csproj]
c:\Projects\Decode\Microservices\Inventory\Inventory.Application\Clients\DTOs\CompanyProfileDto.cs(28,23): warning CS8618: Non-nullable property 'AddressLine1' must contain a non-null value when exiting constructor. Consider adding the 'required' modifier or declaring the property as nullable. [c:\Projects\Decode\Microservices\Inventory\Inventory.Application\Inventory.Application.csproj]
c:\Projects\Decode\Microservices\Inventory\Inventory.Application\Clients\DTOs\CompanyProfileDto.cs(29,23): warning CS8618: Non-nullable property 'AddressLine2' must contain a non-null value when exiting constructor. Consider adding the 'required' modifier or declaring the property as nullable. [c:\Projects\Decode\Microservices\Inventory\Inventory.Application\Inventory.Application.csproj]
c:\Projects\Decode\Microservices\Inventory\Inventory.Application\Clients\DTOs\CompanyProfileDto.cs(30,23): warning CS8618: Non-nullable property 'City' must contain a non-null value when exiting constructor. Consider adding the 'required' modifier or declaring the property as nullable. [c:\Projects\Decode\Microservices\Inventory\Inventory.Application\Inventory.Application.csproj]
c:\Projects\Decode\Microservices\Inventory\Inventory.Application\Clients\DTOs\CompanyProfileDto.cs(31,23): warning CS8618: Non-nullable property 'State' must contain a non-null value when exiting constructor. Consider adding the 'required' modifier or declaring the property as nullable. [c:\Projects\Decode\Microservices\Inventory\Inventory.Application\Inventory.Application.csproj]
c:\Projects\Decode\Microservices\Inventory\Inventory.Application\Clients\DTOs\CompanyProfileDto.cs(32,23): warning CS8618: Non-nullable property 'StateCode' must contain a non-null value when exiting constructor. Consider adding the 'required' modifier or declaring the property as nullable. [c:\Projects\Decode\Microservices\Inventory\Inventory.Application\Inventory.Application.csproj]
c:\Projects\Decode\Microservices\Inventory\Inventory.Application\Clients\DTOs\CompanyProfileDto.cs(33,23): warning CS8618: Non-nullable property 'PinCode' must contain a non-null value when exiting constructor. Consider adding the 'required' modifier or declaring the property as nullable. [c:\Projects\Decode\Microservices\Inventory\Inventory.Application\Inventory.Application.csproj]
c:\Projects\Decode\Microservices\Inventory\Inventory.Application\Clients\DTOs\CompanyProfileDto.cs(34,23): warning CS8618: Non-nullable property 'Country' must contain a non-null value when exiting constructor. Consider adding the 'required' modifier or declaring the property as nullable. [c:\Projects\Decode\Microservices\Inventory\Inventory.Application\Inventory.Application.csproj]
c:\Projects\Decode\Microservices\Inventory\Inventory.Application\Clients\DTOs\CompanyProfileDto.cs(35,23): warning CS8618: Non-nullable property 'Email' must contain a non-null value when exiting constructor. Consider adding the 'required' modifier or declaring the property as nullable. [c:\Projects\Decode\Microservices\Inventory\Inventory.Application\Inventory.Application.csproj]
c:\Projects\Decode\Microservices\Inventory\Inventory.Application\Clients\DTOs\CompanyProfileDto.cs(6,23): warning CS8618: Non-nullable property 'Name' must contain a non-null value when exiting constructor. Consider adding the 'required' modifier or declaring the property as nullable. [c:\Projects\Decode\Microservices\Inventory\Inventory.Application\Inventory.Application.csproj]
c:\Projects\Decode\Microservices\Inventory\Inventory.Application\Clients\DTOs\CompanyProfileDto.cs(7,23): warning CS8618: Non-nullable property 'Tagline' must contain a non-null value when exiting constructor. Consider adding the 'required' modifier or declaring the property as nullable. [c:\Projects\Decode\Microservices\Inventory\Inventory.Application\Inventory.Application.csproj]
c:\Projects\Decode\Microservices\Inventory\Inventory.Application\Clients\DTOs\CompanyProfileDto.cs(8,23): warning CS8618: Non-nullable property 'RegistrationNumber' must contain a non-null value when exiting constructor. Consider adding the 'required' modifier or declaring the property as nullable. [c:\Projects\Decode\Microservices\Inventory\Inventory.Application\Inventory.Application.csproj]
c:\Projects\Decode\Microservices\Inventory\Inventory.Application\Clients\DTOs\CompanyProfileDto.cs(9,23): warning CS8618: Non-nullable property 'Gstin' must contain a non-null value when exiting constructor. Consider adding the 'required' modifier or declaring the property as nullable. [c:\Projects\Decode\Microservices\Inventory\Inventory.Application\Inventory.Application.csproj]
c:\Projects\Decode\Microservices\Inventory\Inventory.Application\Clients\DTOs\CompanyProfileDto.cs(10,23): warning CS8618: Non-nullable property 'LogoUrl' must contain a non-null value when exiting constructor. Consider adding the 'required' modifier or declaring the property as nullable. [c:\Projects\Decode\Microservices\Inventory\Inventory.Application\Inventory.Application.csproj]
c:\Projects\Decode\Microservices\Inventory\Inventory.Application\Clients\DTOs\CompanyProfileDto.cs(11,23): warning CS8618: Non-nullable property 'PrimaryEmail' must contain a non-null value when exiting constructor. Consider adding the 'required' modifier or declaring the property as nullable. [c:\Projects\Decode\Microservices\Inventory\Inventory.Application\Inventory.Application.csproj]
c:\Projects\Decode\Microservices\Inventory\Inventory.Application\Clients\DTOs\CompanyProfileDto.cs(12,23): warning CS8618: Non-nullable property 'Email' must contain a non-null value when exiting constructor. Consider adding the 'required' modifier or declaring the property as nullable. [c:\Projects\Decode\Microservices\Inventory\Inventory.Application\Inventory.Application.csproj]
c:\Projects\Decode\Microservices\Inventory\Inventory.Application\Clients\DTOs\CompanyProfileDto.cs(13,23): warning CS8618: Non-nullable property 'SmtpEmail' must contain a non-null value when exiting constructor. Consider adding the 'required' modifier or declaring the property as nullable. [c:\Projects\Decode\Microservices\Inventory\Inventory.Application\Inventory.Application.csproj]
c:\Projects\Decode\Microservices\Inventory\Inventory.Application\Clients\DTOs\CompanyProfileDto.cs(14,23): warning CS8618: Non-nullable property 'SmtpPassword' must contain a non-null value when exiting constructor. Consider adding the 'required' modifier or declaring the property as nullable. [c:\Projects\Decode\Microservices\Inventory\Inventory.Application\Inventory.Application.csproj]
c:\Projects\Decode\Microservices\Inventory\Inventory.Application\Clients\DTOs\CompanyProfileDto.cs(15,23): warning CS8618: Non-nullable property 'SmtpHost' must contain a non-null value when exiting constructor. Consider adding the 'required' modifier or declaring the property as nullable. [c:\Projects\Decode\Microservices\Inventory\Inventory.Application\Inventory.Application.csproj]
c:\Projects\Decode\Microservices\Inventory\Inventory.Application\Clients\DTOs\CompanyProfileDto.cs(18,23): warning CS8618: Non-nullable property 'PrimaryPhone' must contain a non-null value when exiting constructor. Consider adding the 'required' modifier or declaring the property as nullable. [c:\Projects\Decode\Microservices\Inventory\Inventory.Application\Inventory.Application.csproj]
c:\Projects\Decode\Microservices\Inventory\Inventory.Application\Clients\DTOs\CompanyProfileDto.cs(19,23): warning CS8618: Non-nullable property 'Website' must contain a non-null value when exiting constructor. Consider adding the 'required' modifier or declaring the property as nullable. [c:\Projects\Decode\Microservices\Inventory\Inventory.Application\Inventory.Application.csproj]
c:\Projects\Decode\Microservices\Inventory\Inventory.Application\Clients\DTOs\CompanyProfileDto.cs(21,27): warning CS8618: Non-nullable property 'Address' must contain a non-null value when exiting constructor. Consider adding the 'required' modifier or declaring the property as nullable. [c:\Projects\Decode\Microservices\Inventory\Inventory.Application\Inventory.Application.csproj]
c:\Projects\Decode\Microservices\Inventory\Inventory.Application\Clients\DTOs\CompanyProfileDto.cs(22,30): warning CS8618: Non-nullable property 'BankInfo' must contain a non-null value when exiting constructor. Consider adding the 'required' modifier or declaring the property as nullable. [c:\Projects\Decode\Microservices\Inventory\Inventory.Application\Inventory.Application.csproj]
c:\Projects\Decode\Microservices\Inventory\Inventory.Application\Clients\CompanyClient.cs(44,28): warning CS8603: Possible null reference return. [c:\Projects\Decode\Microservices\Inventory\Inventory.Application\Inventory.Application.csproj]
c:\Projects\Decode\Microservices\Inventory\Inventory.Application\Clients\CompanyClient.cs(55,20): warning CS8603: Possible null reference return. [c:\Projects\Decode\Microservices\Inventory\Inventory.Application\Inventory.Application.csproj]
c:\Projects\Decode\Microservices\Inventory\Inventory.Application\Categories\Queries\GetCategories\GetCategoriesQueryHandler.cs(26,32): warning CS8601: Possible null reference assignment. [c:\Projects\Decode\Microservices\Inventory\Inventory.Application\Inventory.Application.csproj]
c:\Projects\Decode\Microservices\Inventory\Inventory.Application\Categories\Queries\GetCategories\GetCategoriesQueryHandler.cs(27,32): warning CS8601: Possible null reference assignment. [c:\Projects\Decode\Microservices\Inventory\Inventory.Application\Inventory.Application.csproj]
c:\Projects\Decode\Microservices\Inventory\Inventory.Application\Unit\DTOs\UnitRequestDto.cs(10,23): warning CS8618: Non-nullable property 'Name' must contain a non-null value when exiting constructor. Consider adding the 'required' modifier or declaring the property as nullable. [c:\Projects\Decode\Microservices\Inventory\Inventory.Application\Inventory.Application.csproj]
c:\Projects\Decode\Microservices\Inventory\Inventory.Application\Unit\DTOs\UnitRequestDto.cs(13,23): warning CS8618: Non-nullable property 'Description' must contain a non-null value when exiting constructor. Consider adding the 'required' modifier or declaring the property as nullable. [c:\Projects\Decode\Microservices\Inventory\Inventory.Application\Inventory.Application.csproj]
c:\Projects\Decode\Microservices\Inventory\Inventory.Application\Products\Queries\GetProducts\GetProductSearchHandler.cs(25,59): warning CS8602: Dereference of a possibly null reference. [c:\Projects\Decode\Microservices\Inventory\Inventory.Application\Inventory.Application.csproj]
c:\Projects\Decode\Microservices\Inventory\Inventory.Application\Products\Queries\GetProducts\GetProductSearchHandler.cs(47,25): warning CS8601: Possible null reference assignment. [c:\Projects\Decode\Microservices\Inventory\Inventory.Application\Inventory.Application.csproj]
c:\Projects\Decode\Microservices\Inventory\Inventory.Application\Products\Queries\GetProducts\GetProductSearchHandler.cs(48,23): warning CS8601: Possible null reference assignment. [c:\Projects\Decode\Microservices\Inventory\Inventory.Application\Inventory.Application.csproj]
c:\Projects\Decode\Microservices\Inventory\Inventory.Application\PriceLists\Commands\UpdatePriceList\UpdatePriceListCommand.cs(9,19): warning CS8618: Non-nullable property 'name' must contain a non-null value when exiting constructor. Consider adding the 'required' modifier or declaring the property as nullable. [c:\Projects\Decode\Microservices\Inventory\Inventory.Application\Inventory.Application.csproj]
c:\Projects\Decode\Microservices\Inventory\Inventory.Application\PriceLists\Commands\UpdatePriceList\UpdatePriceListCommand.cs(10,19): warning CS8618: Non-nullable property 'code' must contain a non-null value when exiting constructor. Consider adding the 'required' modifier or declaring the property as nullable. [c:\Projects\Decode\Microservices\Inventory\Inventory.Application\Inventory.Application.csproj]
c:\Projects\Decode\Microservices\Inventory\Inventory.Application\PriceLists\Commands\UpdatePriceList\UpdatePriceListCommand.cs(11,19): warning CS8618: Non-nullable property 'priceType' must contain a non-null value when exiting constructor. Consider adding the 'required' modifier or declaring the property as nullable. [c:\Projects\Decode\Microservices\Inventory\Inventory.Application\Inventory.Application.csproj]
c:\Projects\Decode\Microservices\Inventory\Inventory.Application\PriceLists\Commands\UpdatePriceList\UpdatePriceListCommand.cs(15,19): warning CS8618: Non-nullable property 'remarks' must contain a non-null value when exiting constructor. Consider adding the 'required' modifier or declaring the property as nullable. [c:\Projects\Decode\Microservices\Inventory\Inventory.Application\Inventory.Application.csproj]
c:\Projects\Decode\Microservices\Inventory\Inventory.Application\PriceLists\Commands\UpdatePriceList\UpdatePriceListCommand.cs(16,41): warning CS8618: Non-nullable property 'priceListItems' must contain a non-null value when exiting constructor. Consider adding the 'required' modifier or declaring the property as nullable. [c:\Projects\Decode\Microservices\Inventory\Inventory.Application\Inventory.Application.csproj]
c:\Projects\Decode\Microservices\Inventory\Inventory.Application\GRN\DTOs\SaveGRNCommandDTO.cs(13,23): warning CS8618: Non-nullable property 'Remarks' must contain a non-null value when exiting constructor. Consider adding the 'required' modifier or declaring the property as nullable. [c:\Projects\Decode\Microservices\Inventory\Inventory.Application\Inventory.Application.csproj]
c:\Projects\Decode\Microservices\Inventory\Inventory.Application\GRN\DTOs\SaveGRNCommandDTO.cs(15,23): warning CS8618: Non-nullable property 'CreatedBy' must contain a non-null value when exiting constructor. Consider adding the 'required' modifier or declaring the property as nullable. [c:\Projects\Decode\Microservices\Inventory\Inventory.Application\Inventory.Application.csproj]
c:\Projects\Decode\Microservices\Inventory\Inventory.Application\GRN\DTOs\SaveGRNCommandDTO.cs(16,33): warning CS8618: Non-nullable property 'Items' must contain a non-null value when exiting constructor. Consider adding the 'required' modifier or declaring the property as nullable. [c:\Projects\Decode\Microservices\Inventory\Inventory.Application\Inventory.Application.csproj]
c:\Projects\Decode\Microservices\Inventory\Inventory.Application\GRN\DTOs\POItemForGRNDTO.cs(10,23): warning CS8618: Non-nullable property 'ProductName' must contain a non-null value when exiting constructor. Consider adding the 'required' modifier or declaring the property as nullable. [c:\Projects\Decode\Microservices\Inventory\Inventory.Application\Inventory.Application.csproj]
c:\Projects\Decode\Microservices\Inventory\Inventory.Application\GRN\DTOs\POForGRNDTO.cs(10,23): warning CS8618: Non-nullable property 'PONumber' must contain a non-null value when exiting constructor. Consider adding the 'required' modifier or declaring the property as nullable. [c:\Projects\Decode\Microservices\Inventory\Inventory.Application\Inventory.Application.csproj]
c:\Projects\Decode\Microservices\Inventory\Inventory.Application\GRN\DTOs\POForGRNDTO.cs(12,23): warning CS8618: Non-nullable property 'SupplierName' must contain a non-null value when exiting constructor. Consider adding the 'required' modifier or declaring the property as nullable. [c:\Projects\Decode\Microservices\Inventory\Inventory.Application\Inventory.Application.csproj]
c:\Projects\Decode\Microservices\Inventory\Inventory.Application\GRN\DTOs\POForGRNDTO.cs(13,23): warning CS8618: Non-nullable property 'GrnNumber' must contain a non-null value when exiting constructor. Consider adding the 'required' modifier or declaring the property as nullable. [c:\Projects\Decode\Microservices\Inventory\Inventory.Application\Inventory.Application.csproj]
c:\Projects\Decode\Microservices\Inventory\Inventory.Application\GRN\DTOs\POForGRNDTO.cs(15,23): warning CS8618: Non-nullable property 'Remarks' must contain a non-null value when exiting constructor. Consider adding the 'required' modifier or declaring the property as nullable. [c:\Projects\Decode\Microservices\Inventory\Inventory.Application\Inventory.Application.csproj]
c:\Projects\Decode\Microservices\Inventory\Inventory.Application\GRN\DTOs\POForGRNDTO.cs(16,38): warning CS8618: Non-nullable property 'Items' must contain a non-null value when exiting constructor. Consider adding the 'required' modifier or declaring the property as nullable. [c:\Projects\Decode\Microservices\Inventory\Inventory.Application\Inventory.Application.csproj]
c:\Projects\Decode\Microservices\Inventory\Inventory.Application\GRN\DTOs\GRNListDto.cs(27,33): warning CS8618: Non-nullable property 'Items' must contain a non-null value when exiting constructor. Consider adding the 'required' modifier or declaring the property as nullable. [c:\Projects\Decode\Microservices\Inventory\Inventory.Application\Inventory.Application.csproj]
c:\Projects\Decode\Microservices\Inventory\Inventory.Application\GRN\DTOs\GRNListDto.cs(8,23): warning CS8618: Non-nullable property 'GRNNo' must contain a non-null value when exiting constructor. Consider adding the 'required' modifier or declaring the property as nullable. [c:\Projects\Decode\Microservices\Inventory\Inventory.Application\Inventory.Application.csproj]
c:\Projects\Decode\Microservices\Inventory\Inventory.Application\GRN\DTOs\GRNListDto.cs(9,23): warning CS8618: Non-nullable property 'RefPO' must contain a non-null value when exiting constructor. Consider adding the 'required' modifier or declaring the property as nullable. [c:\Projects\Decode\Microservices\Inventory\Inventory.Application\Inventory.Application.csproj]
c:\Projects\Decode\Microservices\Inventory\Inventory.Application\GRN\DTOs\GRNListDto.cs(10,23): warning CS8618: Non-nullable property 'SupplierName' must contain a non-null value when exiting constructor. Consider adding the 'required' modifier or declaring the property as nullable. [c:\Projects\Decode\Microservices\Inventory\Inventory.Application\Inventory.Application.csproj]
c:\Projects\Decode\Microservices\Inventory\Inventory.Application\GRN\DTOs\GRNListDto.cs(13,23): warning CS8618: Non-nullable property 'Status' must contain a non-null value when exiting constructor. Consider adding the 'required' modifier or declaring the property as nullable. [c:\Projects\Decode\Microservices\Inventory\Inventory.Application\Inventory.Application.csproj]
c:\Projects\Decode\Microservices\Inventory\Inventory.Application\PriceLists\DTOs\PriceListItemUpdateDto.cs(14,23): warning CS8618: Non-nullable property 'unit' must contain a non-null value when exiting constructor. Consider adding the 'required' modifier or declaring the property as nullable. [c:\Projects\Decode\Microservices\Inventory\Inventory.Application\Inventory.Application.csproj]
c:\Projects\Decode\Microservices\Inventory\Inventory.Application\SaleOrders\Commands\CreateSaleOrderHandler.cs(47,28): warning CS8600: Converting null literal or possible null value to non-nullable type. [c:\Projects\Decode\Microservices\Inventory\Inventory.Application\Inventory.Application.csproj]
c:\Projects\Decode\Microservices\Inventory\Inventory.Application\SaleOrders\Commands\CreateSaleOrderHandler.cs(214,16): warning CS8603: Possible null reference return. [c:\Projects\Decode\Microservices\Inventory\Inventory.Application\Inventory.Application.csproj]
c:\Projects\Decode\Microservices\Inventory\Inventory.Application\SaleOrders\Commands\CreateSaleOrderHandler.cs(179,13): error CS0165: Use of unassigned local variable 'result' [c:\Projects\Decode\Microservices\Inventory\Inventory.Application\Inventory.Application.csproj]
c:\Projects\Decode\Microservices\Inventory\Inventory.Application\PriceLists\DTOs\PriceListItemDto.cs(13,23): warning CS8618: Non-nullable property 'ProductName' must contain a non-null value when exiting constructor. Consider adding the 'required' modifier or declaring the property as nullable. [c:\Projects\Decode\Microservices\Inventory\Inventory.Application\Inventory.Application.csproj]
c:\Projects\Decode\Microservices\Inventory\Inventory.Application\PriceLists\DTOs\PriceListItemDto.cs(19,23): warning CS8618: Non-nullable property 'Unit' must contain a non-null value when exiting constructor. Consider adding the 'required' modifier or declaring the property as nullable. [c:\Projects\Decode\Microservices\Inventory\Inventory.Application\Inventory.Application.csproj]
c:\Projects\Decode\Microservices\Inventory\Inventory.Application\PriceLists\DTOs\CreatePriceListDto.cs(25,19): warning CS8618: Non-nullable property 'unit' must contain a non-null value when exiting constructor. Consider adding the 'required' modifier or declaring the property as nullable. [c:\Projects\Decode\Microservices\Inventory\Inventory.Application\Inventory.Application.csproj]
c:\Projects\Decode\Microservices\Inventory\Inventory.Application\PriceLists\DTOs\CreatePriceListDto.cs(14,19): warning CS8618: Non-nullable property 'CreatedBy' must contain a non-null value when exiting constructor. Consider adding the 'required' modifier or declaring the property as nullable. [c:\Projects\Decode\Microservices\Inventory\Inventory.Application\Inventory.Application.csproj]
c:\Projects\Decode\Microservices\Inventory\Inventory.Application\Products\DTOs\ProductSearchResponseDto.cs(13,23): warning CS8618: Non-nullable property 'unit' must contain a non-null value when exiting constructor. Consider adding the 'required' modifier or declaring the property as nullable. [c:\Projects\Decode\Microservices\Inventory\Inventory.Application\Inventory.Application.csproj]
c:\Projects\Decode\Microservices\Inventory\Inventory.Application\Products\DTOs\ProductSearchResponseDto.cs(14,23): warning CS8618: Non-nullable property 'brand' must contain a non-null value when exiting constructor. Consider adding the 'required' modifier or declaring the property as nullable. [c:\Projects\Decode\Microservices\Inventory\Inventory.Application\Inventory.Application.csproj]
c:\Projects\Decode\Microservices\Inventory\Inventory.Application\Products\DTOs\ProductSearchResponseDto.cs(15,23): warning CS8618: Non-nullable property 'sku' must contain a non-null value when exiting constructor. Consider adding the 'required' modifier or declaring the property as nullable. [c:\Projects\Decode\Microservices\Inventory\Inventory.Application\Inventory.Application.csproj]
c:\Projects\Decode\Microservices\Inventory\Inventory.Application\Products\DTOs\ProductSearchResponseDto.cs(16,23): warning CS8618: Non-nullable property 'hsncode' must contain a non-null value when exiting constructor. Consider adding the 'required' modifier or declaring the property as nullable. [c:\Projects\Decode\Microservices\Inventory\Inventory.Application\Inventory.Application.csproj]
c:\Projects\Decode\Microservices\Inventory\Inventory.Application\PurchaseOrders\Queries\GetPurchaseOrder\GetPurchaseOrderByIdHandler.cs(28,32): warning CS8601: Possible null reference assignment. [c:\Projects\Decode\Microservices\Inventory\Inventory.Application\Inventory.Application.csproj]
c:\Projects\Decode\Microservices\Inventory\Inventory.Application\PurchaseOrders\Queries\GetPurchaseOrder\GetPurchaseOrderByIdHandler.cs(42,35): warning CS8602: Dereference of a possibly null reference. [c:\Projects\Decode\Microservices\Inventory\Inventory.Application\Inventory.Application.csproj]
c:\Projects\Decode\Microservices\Inventory\Inventory.Application\GatePasses\DTOs\GatePassDto.cs(9,23): warning CS8618: Non-nullable property 'PassNo' must contain a non-null value when exiting constructor. Consider adding the 'required' modifier or declaring the property as nullable. [c:\Projects\Decode\Microservices\Inventory\Inventory.Application\Inventory.Application.csproj]
c:\Projects\Decode\Microservices\Inventory\Inventory.Application\GatePasses\DTOs\GatePassDto.cs(10,23): warning CS8618: Non-nullable property 'PassType' must contain a non-null value when exiting constructor. Consider adding the 'required' modifier or declaring the property as nullable. [c:\Projects\Decode\Microservices\Inventory\Inventory.Application\Inventory.Application.csproj]
c:\Projects\Decode\Microservices\Inventory\Inventory.Application\GatePasses\DTOs\GatePassDto.cs(12,23): warning CS8618: Non-nullable property 'ReferenceId' must contain a non-null value when exiting constructor. Consider adding the 'required' modifier or declaring the property as nullable. [c:\Projects\Decode\Microservices\Inventory\Inventory.Application\Inventory.Application.csproj]
c:\Projects\Decode\Microservices\Inventory\Inventory.Application\GatePasses\DTOs\GatePassDto.cs(13,23): warning CS8618: Non-nullable property 'ReferenceNo' must contain a non-null value when exiting constructor. Consider adding the 'required' modifier or declaring the property as nullable. [c:\Projects\Decode\Microservices\Inventory\Inventory.Application\Inventory.Application.csproj]
c:\Projects\Decode\Microservices\Inventory\Inventory.Application\GatePasses\DTOs\GatePassDto.cs(15,23): warning CS8618: Non-nullable property 'PartyName' must contain a non-null value when exiting constructor. Consider adding the 'required' modifier or declaring the property as nullable. [c:\Projects\Decode\Microservices\Inventory\Inventory.Application\Inventory.Application.csproj]
c:\Projects\Decode\Microservices\Inventory\Inventory.Application\GatePasses\DTOs\GatePassDto.cs(16,23): warning CS8618: Non-nullable property 'VehicleNo' must contain a non-null value when exiting constructor. Consider adding the 'required' modifier or declaring the property as nullable. [c:\Projects\Decode\Microservices\Inventory\Inventory.Application\Inventory.Application.csproj]
c:\Projects\Decode\Microservices\Inventory\Inventory.Application\GatePasses\DTOs\GatePassDto.cs(18,23): warning CS8618: Non-nullable property 'DriverName' must contain a non-null value when exiting constructor. Consider adding the 'required' modifier or declaring the property as nullable. [c:\Projects\Decode\Microservices\Inventory\Inventory.Application\Inventory.Application.csproj]
c:\Projects\Decode\Microservices\Inventory\Inventory.Application\GatePasses\DTOs\GatePassDto.cs(19,23): warning CS8618: Non-nullable property 'DriverPhone' must contain a non-null value when exiting constructor. Consider adding the 'required' modifier or declaring the property as nullable. [c:\Projects\Decode\Microservices\Inventory\Inventory.Application\Inventory.Application.csproj]
c:\Projects\Decode\Microservices\Inventory\Inventory.Application\GatePasses\DTOs\GatePassDto.cs(24,23): warning CS8618: Non-nullable property 'SecurityGuard' must contain a non-null value when exiting constructor. Consider adding the 'required' modifier or declaring the property as nullable. [c:\Projects\Decode\Microservices\Inventory\Inventory.Application\Inventory.Application.csproj]
c:\Projects\Decode\Microservices\Inventory\Inventory.Application\PurchaseReturn\SupplierSelectDto.cs(10,23): warning CS8618: Non-nullable property 'Name' must contain a non-null value when exiting constructor. Consider adding the 'required' modifier or declaring the property as nullable. [c:\Projects\Decode\Microservices\Inventory\Inventory.Application\Inventory.Application.csproj]
c:\Projects\Decode\Microservices\Inventory\Inventory.Application\Categories\Queries\GetCategories\GetCategoriesPagedQueryHandler.cs(60,42): warning CS8602: Dereference of a possibly null reference. [c:\Projects\Decode\Microservices\Inventory\Inventory.Application\Inventory.Application.csproj]
c:\Projects\Decode\Microservices\Inventory\Inventory.Application\Categories\Queries\GetCategories\GetCategoriesPagedQueryHandler.cs(113,32): warning CS8601: Possible null reference assignment. [c:\Projects\Decode\Microservices\Inventory\Inventory.Application\Inventory.Application.csproj]
c:\Projects\Decode\Microservices\Inventory\Inventory.Application\Categories\Queries\GetCategories\GetCategoriesPagedQueryHandler.cs(114,32): warning CS8601: Possible null reference assignment. [c:\Projects\Decode\Microservices\Inventory\Inventory.Application\Inventory.Application.csproj]
c:\Projects\Decode\Microservices\Inventory\Inventory.Application\PurchaseReturn\DTOs\ReceivedStockDto.cs(8,23): warning CS8618: Non-nullable property 'ProductName' must contain a non-null value when exiting constructor. Consider adding the 'required' modifier or declaring the property as nullable. [c:\Projects\Decode\Microservices\Inventory\Inventory.Application\Inventory.Application.csproj]
c:\Projects\Decode\Microservices\Inventory\Inventory.Application\PurchaseReturn\DTOs\ReceivedStockDto.cs(9,23): warning CS8618: Non-nullable property 'GrnRef' must contain a non-null value when exiting constructor. Consider adding the 'required' modifier or declaring the property as nullable. [c:\Projects\Decode\Microservices\Inventory\Inventory.Application\Inventory.Application.csproj]
c:\Projects\Decode\Microservices\Inventory\Inventory.Application\SaleOrders\SaleReturn\DTOs\SaleReturnExportDto.cs(9,23): warning CS8618: Non-nullable property 'ReturnNumber' must contain a non-null value when exiting constructor. Consider adding the 'required' modifier or declaring the property as nullable. [c:\Projects\Decode\Microservices\Inventory\Inventory.Application\Inventory.Application.csproj]
c:\Projects\Decode\Microservices\Inventory\Inventory.Application\SaleOrders\SaleReturn\DTOs\SaleReturnExportDto.cs(10,23): warning CS8618: Non-nullable property 'ReturnDate' must contain a non-null value when exiting constructor. Consider adding the 'required' modifier or declaring the property as nullable. [c:\Projects\Decode\Microservices\Inventory\Inventory.Application\Inventory.Application.csproj]
c:\Projects\Decode\Microservices\Inventory\Inventory.Application\SaleOrders\SaleReturn\DTOs\SaleReturnExportDto.cs(11,23): warning CS8618: Non-nullable property 'CustomerName' must contain a non-null value when exiting constructor. Consider adding the 'required' modifier or declaring the property as nullable. [c:\Projects\Decode\Microservices\Inventory\Inventory.Application\Inventory.Application.csproj]
c:\Projects\Decode\Microservices\Inventory\Inventory.Application\SaleOrders\SaleReturn\DTOs\SaleReturnExportDto.cs(12,23): warning CS8618: Non-nullable property 'SONumber' must contain a non-null value when exiting constructor. Consider adding the 'required' modifier or declaring the property as nullable. [c:\Projects\Decode\Microservices\Inventory\Inventory.Application\Inventory.Application.csproj]
c:\Projects\Decode\Microservices\Inventory\Inventory.Application\SaleOrders\SaleReturn\DTOs\SaleReturnExportDto.cs(14,23): warning CS8618: Non-nullable property 'Status' must contain a non-null value when exiting constructor. Consider adding the 'required' modifier or declaring the property as nullable. [c:\Projects\Decode\Microservices\Inventory\Inventory.Application\Inventory.Application.csproj]
c:\Projects\Decode\Microservices\Inventory\Inventory.Application\PurchaseReturn\DTOs\PurchaseReturnDto.cs(20,23): warning CS8618: Non-nullable property 'GrnRef' must contain a non-null value when exiting constructor. Consider adding the 'required' modifier or declaring the property as nullable. [c:\Projects\Decode\Microservices\Inventory\Inventory.Application\Inventory.Application.csproj]
c:\Projects\Decode\Microservices\Inventory\Inventory.Application\PurchaseReturn\DTOs\PurchaseReturnDto.cs(11,23): warning CS8618: Non-nullable property 'Remarks' must contain a non-null value when exiting constructor. Consider adding the 'required' modifier or declaring the property as nullable. [c:\Projects\Decode\Microservices\Inventory\Inventory.Application\Inventory.Application.csproj]
c:\Projects\Decode\Microservices\Inventory\Inventory.Application\PurchaseReturn\DTOs\PurchaseReturnDto.cs(13,44): warning CS8618: Non-nullable property 'Items' must contain a non-null value when exiting constructor. Consider adding the 'required' modifier or declaring the property as nullable. [c:\Projects\Decode\Microservices\Inventory\Inventory.Application\Inventory.Application.csproj]
c:\Projects\Decode\Microservices\Inventory\Inventory.Application\PurchaseReturn\DTOs\PurchaseReturnDetailDto.cs(16,23): warning CS8618: Non-nullable property 'Status' must contain a non-null value when exiting constructor. Consider adding the 'required' modifier or declaring the property as nullable. [c:\Projects\Decode\Microservices\Inventory\Inventory.Application\Inventory.Application.csproj]
c:\Projects\Decode\Microservices\Inventory\Inventory.Application\PurchaseOrders\Commands\Update\UpdatePurchaseOrderHandler.cs(36,27): warning CS8601: Possible null reference assignment. [c:\Projects\Decode\Microservices\Inventory\Inventory.Application\Inventory.Application.csproj]
c:\Projects\Decode\Microservices\Inventory\Inventory.Application\PurchaseOrders\DTOs\UpdatePOStatusDto.cs(6,23): warning CS8618: Non-nullable property 'Status' must contain a non-null value when exiting constructor. Consider adding the 'required' modifier or declaring the property as nullable. [c:\Projects\Decode\Microservices\Inventory\Inventory.Application\Inventory.Application.csproj]
c:\Projects\Decode\Microservices\Inventory\Inventory.Application\PurchaseOrders\DTOs\PORepoPrintResponse.cs(9,23): warning CS8618: Non-nullable property 'PdfBytes' must contain a non-null value when exiting constructor. Consider adding the 'required' modifier or declaring the property as nullable. [c:\Projects\Decode\Microservices\Inventory\Inventory.Application\Inventory.Application.csproj]
c:\Projects\Decode\Microservices\Inventory\Inventory.Application\PurchaseOrders\DTOs\PORepoPrintResponse.cs(10,23): warning CS8618: Non-nullable property 'HeaderTitle' must contain a non-null value when exiting constructor. Consider adding the 'required' modifier or declaring the property as nullable. [c:\Projects\Decode\Microservices\Inventory\Inventory.Application\Inventory.Application.csproj]
c:\Projects\Decode\Microservices\Inventory\Inventory.Application\Stock\StockMovementDto.cs(9,23): warning CS8618: Non-nullable property 'Product' must contain a non-null value when exiting constructor. Consider adding the 'required' modifier or declaring the property as nullable. [c:\Projects\Decode\Microservices\Inventory\Inventory.Application\Inventory.Application.csproj]
c:\Projects\Decode\Microservices\Inventory\Inventory.Application\Stock\StockMovementDto.cs(10,23): warning CS8618: Non-nullable property 'Type' must contain a non-null value when exiting constructor. Consider adding the 'required' modifier or declaring the property as nullable. [c:\Projects\Decode\Microservices\Inventory\Inventory.Application\Inventory.Application.csproj]
c:\Projects\Decode\Microservices\Inventory\Inventory.Application\Stock\StockMovementDto.cs(13,23): warning CS8618: Non-nullable property 'Status' must contain a non-null value when exiting constructor. Consider adding the 'required' modifier or declaring the property as nullable. [c:\Projects\Decode\Microservices\Inventory\Inventory.Application\Inventory.Application.csproj]
c:\Projects\Decode\Microservices\Inventory\Inventory.Application\PurchaseOrders\DTOs\POItemForGRNDto.cs(10,23): warning CS8618: Non-nullable property 'ProductName' must contain a non-null value when exiting constructor. Consider adding the 'required' modifier or declaring the property as nullable. [c:\Projects\Decode\Microservices\Inventory\Inventory.Application\Inventory.Application.csproj]
c:\Projects\Decode\Microservices\Inventory\Inventory.Application\PurchaseOrders\DTOs\POHeaderDetailsDto.cs(30,23): warning CS8618: Non-nullable property 'ProductName' must contain a non-null value when exiting constructor. Consider adding the 'required' modifier or declaring the property as nullable. [c:\Projects\Decode\Microservices\Inventory\Inventory.Application\Inventory.Application.csproj]
c:\Projects\Decode\Microservices\Inventory\Inventory.Application\PurchaseOrders\DTOs\POHeaderDetailsDto.cs(31,23): warning CS8618: Non-nullable property 'Unit' must contain a non-null value when exiting constructor. Consider adding the 'required' modifier or declaring the property as nullable. [c:\Projects\Decode\Microservices\Inventory\Inventory.Application\Inventory.Application.csproj]
c:\Projects\Decode\Microservices\Inventory\Inventory.Application\PurchaseOrders\DTOs\POHeaderDetailsDto.cs(12,23): warning CS8618: Non-nullable property 'SupplierName' must contain a non-null value when exiting constructor. Consider adding the 'required' modifier or declaring the property as nullable. [c:\Projects\Decode\Microservices\Inventory\Inventory.Application\Inventory.Application.csproj]
c:\Projects\Decode\Microservices\Inventory\Inventory.Application\PurchaseOrders\DTOs\POHeaderDetailsDto.cs(17,23): warning CS8618: Non-nullable property 'Remarks' must contain a non-null value when exiting constructor. Consider adding the 'required' modifier or declaring the property as nullable. [c:\Projects\Decode\Microservices\Inventory\Inventory.Application\Inventory.Application.csproj]
c:\Projects\Decode\Microservices\Inventory\Inventory.Application\PurchaseOrders\DTOs\POHeaderDetailsDto.cs(21,23): warning CS8618: Non-nullable property 'PoNumber' must contain a non-null value when exiting constructor. Consider adding the 'required' modifier or declaring the property as nullable. [c:\Projects\Decode\Microservices\Inventory\Inventory.Application\Inventory.Application.csproj]
c:\Projects\Decode\Microservices\Inventory\Inventory.Application\PurchaseOrders\DTOs\DeleteResponseDto.cs(10,23): warning CS8618: Non-nullable property 'Message' must contain a non-null value when exiting constructor. Consider adding the 'required' modifier or declaring the property as nullable. [c:\Projects\Decode\Microservices\Inventory\Inventory.Application\Inventory.Application.csproj]
c:\Projects\Decode\Microservices\Inventory\Inventory.Application\PurchaseOrders\DTOs\PendingPODto.cs(10,23): warning CS8618: Non-nullable property 'PoNumber' must contain a non-null value when exiting constructor. Consider adding the 'required' modifier or declaring the property as nullable. [c:\Projects\Decode\Microservices\Inventory\Inventory.Application\Inventory.Application.csproj]
c:\Projects\Decode\Microservices\Inventory\Inventory.Application\PurchaseOrders\DTOs\PendingPODto.cs(11,23): warning CS8618: Non-nullable property 'SupplierName' must contain a non-null value when exiting constructor. Consider adding the 'required' modifier or declaring the property as nullable. [c:\Projects\Decode\Microservices\Inventory\Inventory.Application\Inventory.Application.csproj]
c:\Projects\Decode\Microservices\Inventory\Inventory.Application\PurchaseOrders\DTOs\PendingPODto.cs(13,23): warning CS8618: Non-nullable property 'Status' must contain a non-null value when exiting constructor. Consider adding the 'required' modifier or declaring the property as nullable. [c:\Projects\Decode\Microservices\Inventory\Inventory.Application\Inventory.Application.csproj]
c:\Projects\Decode\Microservices\Inventory\Inventory.Application\GatePasses\Commands\CreateGatePass\CreateGatePassCommand.cs(9,23): warning CS8618: Non-nullable property 'PassType' must contain a non-null value when exiting constructor. Consider adding the 'required' modifier or declaring the property as nullable. [c:\Projects\Decode\Microservices\Inventory\Inventory.Application\Inventory.Application.csproj]
c:\Projects\Decode\Microservices\Inventory\Inventory.Application\GatePasses\Commands\CreateGatePass\CreateGatePassCommand.cs(11,23): warning CS8618: Non-nullable property 'ReferenceId' must contain a non-null value when exiting constructor. Consider adding the 'required' modifier or declaring the property as nullable. [c:\Projects\Decode\Microservices\Inventory\Inventory.Application\Inventory.Application.csproj]
c:\Projects\Decode\Microservices\Inventory\Inventory.Application\GatePasses\Commands\CreateGatePass\CreateGatePassCommand.cs(12,23): warning CS8618: Non-nullable property 'ReferenceNo' must contain a non-null value when exiting constructor. Consider adding the 'required' modifier or declaring the property as nullable. [c:\Projects\Decode\Microservices\Inventory\Inventory.Application\Inventory.Application.csproj]
c:\Projects\Decode\Microservices\Inventory\Inventory.Application\GatePasses\Commands\CreateGatePass\CreateGatePassCommand.cs(14,23): warning CS8618: Non-nullable property 'PartyName' must contain a non-null value when exiting constructor. Consider adding the 'required' modifier or declaring the property as nullable. [c:\Projects\Decode\Microservices\Inventory\Inventory.Application\Inventory.Application.csproj]
c:\Projects\Decode\Microservices\Inventory\Inventory.Application\GatePasses\Commands\CreateGatePass\CreateGatePassCommand.cs(15,23): warning CS8618: Non-nullable property 'VehicleNo' must contain a non-null value when exiting constructor. Consider adding the 'required' modifier or declaring the property as nullable. [c:\Projects\Decode\Microservices\Inventory\Inventory.Application\Inventory.Application.csproj]
c:\Projects\Decode\Microservices\Inventory\Inventory.Application\GatePasses\Commands\CreateGatePass\CreateGatePassCommand.cs(17,23): warning CS8618: Non-nullable property 'DriverName' must contain a non-null value when exiting constructor. Consider adding the 'required' modifier or declaring the property as nullable. [c:\Projects\Decode\Microservices\Inventory\Inventory.Application\Inventory.Application.csproj]
c:\Projects\Decode\Microservices\Inventory\Inventory.Application\GatePasses\Commands\CreateGatePass\CreateGatePassCommand.cs(18,23): warning CS8618: Non-nullable property 'DriverPhone' must contain a non-null value when exiting constructor. Consider adding the 'required' modifier or declaring the property as nullable. [c:\Projects\Decode\Microservices\Inventory\Inventory.Application\Inventory.Application.csproj]
c:\Projects\Decode\Microservices\Inventory\Inventory.Application\GatePasses\Commands\CreateGatePass\CreateGatePassCommand.cs(23,23): warning CS8618: Non-nullable property 'SecurityGuard' must contain a non-null value when exiting constructor. Consider adding the 'required' modifier or declaring the property as nullable. [c:\Projects\Decode\Microservices\Inventory\Inventory.Application\Inventory.Application.csproj]
c:\Projects\Decode\Microservices\Inventory\Inventory.Application\SaleOrders\DTOs\CreateSaleOrderDto.cs(14,23): warning CS8618: Non-nullable property 'Remarks' must contain a non-null value when exiting constructor. Consider adding the 'required' modifier or declaring the property as nullable. [c:\Projects\Decode\Microservices\Inventory\Inventory.Application\Inventory.Application.csproj]
c:\Projects\Decode\Microservices\Inventory\Inventory.Application\SaleOrders\DTOs\CreateSaleOrderDto.cs(19,23): warning CS8618: Non-nullable property 'CreatedBy' must contain a non-null value when exiting constructor. Consider adding the 'required' modifier or declaring the property as nullable. [c:\Projects\Decode\Microservices\Inventory\Inventory.Application\Inventory.Application.csproj]
c:\Projects\Decode\Microservices\Inventory\Inventory.Application\SaleOrders\DTOs\CreateSaleOrderDto.cs(21,39): warning CS8618: Non-nullable property 'Items' must contain a non-null value when exiting constructor. Consider adding the 'required' modifier or declaring the property as nullable. [c:\Projects\Decode\Microservices\Inventory\Inventory.Application\Inventory.Application.csproj]
c:\Projects\Decode\Microservices\Inventory\Inventory.Application\Services\EmailService.cs(27,17): warning SYSLIB0014: 'ServicePointManager' is obsolete: 'WebRequest, HttpWebRequest, ServicePoint, and WebClient are obsolete. Use HttpClient instead. Settings on ServicePointManager no longer affect SslStream or HttpClient.' (https://aka.ms/dotnet-warnings/SYSLIB0014) [c:\Projects\Decode\Microservices\Inventory\Inventory.Application\Inventory.Application.csproj]
c:\Projects\Decode\Microservices\Inventory\Inventory.Application\SaleOrders\DTOs\CreateSaleOrderDto.cs(27,23): warning CS8618: Non-nullable property 'ProductName' must contain a non-null value when exiting constructor. Consider adding the 'required' modifier or declaring the property as nullable. [c:\Projects\Decode\Microservices\Inventory\Inventory.Application\Inventory.Application.csproj]
c:\Projects\Decode\Microservices\Inventory\Inventory.Application\SaleOrders\DTOs\CreateSaleOrderDto.cs(29,23): warning CS8618: Non-nullable property 'Unit' must contain a non-null value when exiting constructor. Consider adding the 'required' modifier or declaring the property as nullable. [c:\Projects\Decode\Microservices\Inventory\Inventory.Application\Inventory.Application.csproj]
c:\Projects\Decode\Microservices\Inventory\Inventory.Application\Subcategories\Queries\GetSubcategories\GetSubcategoriesQueryHandler.cs(27,26): warning CS8601: Possible null reference assignment. [c:\Projects\Decode\Microservices\Inventory\Inventory.Application\Inventory.Application.csproj]
c:\Projects\Decode\Microservices\Inventory\Inventory.Application\Subcategories\Queries\GetSubcategories\GetSubcategoriesQueryHandler.cs(28,31): warning CS8601: Possible null reference assignment. [c:\Projects\Decode\Microservices\Inventory\Inventory.Application\Inventory.Application.csproj]
c:\Projects\Decode\Microservices\Inventory\Inventory.Application\Subcategories\Queries\GetSubcategories\GetSubcategoriesQueryHandler.cs(29,31): warning CS8601: Possible null reference assignment. [c:\Projects\Decode\Microservices\Inventory\Inventory.Application\Inventory.Application.csproj]
c:\Projects\Decode\Microservices\Inventory\Inventory.Application\Services\EmailService.cs(76,17): warning SYSLIB0014: 'ServicePointManager' is obsolete: 'WebRequest, HttpWebRequest, ServicePoint, and WebClient are obsolete. Use HttpClient instead. Settings on ServicePointManager no longer affect SslStream or HttpClient.' (https://aka.ms/dotnet-warnings/SYSLIB0014) [c:\Projects\Decode\Microservices\Inventory\Inventory.Application\Inventory.Application.csproj]
c:\Projects\Decode\Microservices\Inventory\Inventory.Application\Subcategories\Queries\GetSubcategoryById\GetSubcategoryByIdQueryHandler.cs(28,31): warning CS8601: Possible null reference assignment. [c:\Projects\Decode\Microservices\Inventory\Inventory.Application\Inventory.Application.csproj]
c:\Projects\Decode\Microservices\Inventory\Inventory.Application\Subcategories\Queries\GetSubcategoryById\GetSubcategoryByIdQueryHandler.cs(29,31): warning CS8601: Possible null reference assignment. [c:\Projects\Decode\Microservices\Inventory\Inventory.Application\Inventory.Application.csproj]
c:\Projects\Decode\Microservices\Inventory\Inventory.Application\Subcategories\Queries\Searching\GetSubcategoriesPagedHandler.cs(124,36): warning CS8601: Possible null reference assignment. [c:\Projects\Decode\Microservices\Inventory\Inventory.Application\Inventory.Application.csproj]
c:\Projects\Decode\Microservices\Inventory\Inventory.Application\Subcategories\Queries\Searching\GetSubcategoriesPagedHandler.cs(126,39): warning CS8601: Possible null reference assignment. [c:\Projects\Decode\Microservices\Inventory\Inventory.Application\Inventory.Application.csproj]
c:\Projects\Decode\Microservices\Inventory\Inventory.Application\Subcategories\Queries\Searching\GetSubcategoriesPagedHandler.cs(127,39): warning CS8601: Possible null reference assignment. [c:\Projects\Decode\Microservices\Inventory\Inventory.Application\Inventory.Application.csproj]
c:\Projects\Decode\Microservices\Inventory\Inventory.Application\Stock\Commands\MoveToExpiredRack\MoveToExpiredRackHandler.cs(25,43): warning CS8602: Dereference of a possibly null reference. [c:\Projects\Decode\Microservices\Inventory\Inventory.Application\Inventory.Application.csproj]
c:\Projects\Decode\Microservices\Inventory\Inventory.Application\Services\EmailService.cs(125,17): warning SYSLIB0014: 'ServicePointManager' is obsolete: 'WebRequest, HttpWebRequest, ServicePoint, and WebClient are obsolete. Use HttpClient instead. Settings on ServicePointManager no longer affect SslStream or HttpClient.' (https://aka.ms/dotnet-warnings/SYSLIB0014) [c:\Projects\Decode\Microservices\Inventory\Inventory.Application\Inventory.Application.csproj]
c:\Projects\Decode\Microservices\Inventory\Inventory.Application\Products\Queries\GetProducts\GetProductsPagedQueryHandler.cs(35,17): warning CS8602: Dereference of a possibly null reference. [c:\Projects\Decode\Microservices\Inventory\Inventory.Application\Inventory.Application.csproj]
c:\Projects\Decode\Microservices\Inventory\Inventory.Application\Products\Queries\GetProducts\GetProductsPagedQueryHandler.cs(36,17): warning CS8602: Dereference of a possibly null reference. [c:\Projects\Decode\Microservices\Inventory\Inventory.Application\Inventory.Application.csproj]
c:\Projects\Decode\Microservices\Inventory\Inventory.Application\Products\Queries\GetProducts\GetProductsPagedQueryHandler.cs(37,17): warning CS8602: Dereference of a possibly null reference. [c:\Projects\Decode\Microservices\Inventory\Inventory.Application\Inventory.Application.csproj]
c:\Projects\Decode\Microservices\Inventory\Inventory.Application\Products\Queries\GetProducts\GetProductsPagedQueryHandler.cs(52,56): warning CS8602: Dereference of a possibly null reference. [c:\Projects\Decode\Microservices\Inventory\Inventory.Application\Inventory.Application.csproj]
c:\Projects\Decode\Microservices\Inventory\Inventory.Application\Products\Queries\GetProducts\GetProductsPagedQueryHandler.cs(53,59): warning CS8602: Dereference of a possibly null reference. [c:\Projects\Decode\Microservices\Inventory\Inventory.Application\Inventory.Application.csproj]
c:\Projects\Decode\Microservices\Inventory\Inventory.Application\Products\Queries\GetProducts\GetProductsPagedQueryHandler.cs(54,47): warning CS8602: Dereference of a possibly null reference. [c:\Projects\Decode\Microservices\Inventory\Inventory.Application\Inventory.Application.csproj]
c:\Projects\Decode\Microservices\Inventory\Inventory.Application\Products\Queries\GetProducts\GetProductsPagedQueryHandler.cs(139,28): warning CS8601: Possible null reference assignment. [c:\Projects\Decode\Microservices\Inventory\Inventory.Application\Inventory.Application.csproj]
c:\Projects\Decode\Microservices\Inventory\Inventory.Application\Products\Queries\GetProducts\GetProductsPagedQueryHandler.cs(141,31): warning CS8601: Possible null reference assignment. [c:\Projects\Decode\Microservices\Inventory\Inventory.Application\Inventory.Application.csproj]
c:\Projects\Decode\Microservices\Inventory\Inventory.Application\Features\PurchaseOrders\Handlers\GetDateRangePurchaseOrdersQueryHandler.cs(32,32): warning CS8601: Possible null reference assignment. [c:\Projects\Decode\Microservices\Inventory\Inventory.Application\Inventory.Application.csproj]
c:\Projects\Decode\Microservices\Inventory\Inventory.Application\Features\PurchaseOrders\Handlers\GetDateRangePurchaseOrdersQueryHandler.cs(38,29): warning CS8601: Possible null reference assignment. [c:\Projects\Decode\Microservices\Inventory\Inventory.Application\Inventory.Application.csproj]

Build FAILED.

c:\Projects\Decode\Microservices\Inventory\Inventory.Application\Inventory.Application.csproj : warning NU1903: Package 'AutoMapper' 16.0.0 has a known high severity vulnerability, https://github.com/advisories/GHSA-rvv3-g6hj-g44x
c:\Projects\Decode\Microservices\Inventory\Inventory.Application\Inventory.Application.csproj : warning NU1903: Package 'AutoMapper' 16.0.0 has a known high severity vulnerability, https://github.com/advisories/GHSA-rvv3-g6hj-g44x
c:\Projects\Decode\Microservices\Inventory\Inventory.Application\Notification\DTOs\NotificationDto.cs(4,19): warning CS8618: Non-nullable property 'Title' must contain a non-null value when exiting constructor. Consider adding the 'required' modifier or declaring the property as nullable. [c:\Projects\Decode\Microservices\Inventory\Inventory.Application\Inventory.Application.csproj]
c:\Projects\Decode\Microservices\Inventory\Inventory.Application\Notification\DTOs\NotificationDto.cs(5,19): warning CS8618: Non-nullable property 'Message' must contain a non-null value when exiting constructor. Consider adding the 'required' modifier or declaring the property as nullable. [c:\Projects\Decode\Microservices\Inventory\Inventory.Application\Inventory.Application.csproj]
c:\Projects\Decode\Microservices\Inventory\Inventory.Application\Notification\DTOs\NotificationDto.cs(6,19): warning CS8618: Non-nullable property 'Type' must contain a non-null value when exiting constructor. Consider adding the 'required' modifier or declaring the property as nullable. [c:\Projects\Decode\Microservices\Inventory\Inventory.Application\Inventory.Application.csproj]
c:\Projects\Decode\Microservices\Inventory\Inventory.Application\Notification\DTOs\NotificationDto.cs(8,19): warning CS8618: Non-nullable property 'CreatedAtFormatted' must contain a non-null value when exiting constructor. Consider adding the 'required' modifier or declaring the property as nullable. [c:\Projects\Decode\Microservices\Inventory\Inventory.Application\Inventory.Application.csproj]
c:\Projects\Decode\Microservices\Inventory\Inventory.Application\Notification\DTOs\NotificationDto.cs(9,19): warning CS8618: Non-nullable property 'TargetUrl' must contain a non-null value when exiting constructor. Consider adding the 'required' modifier or declaring the property as nullable. [c:\Projects\Decode\Microservices\Inventory\Inventory.Application\Inventory.Application.csproj]
c:\Projects\Decode\Microservices\Inventory\Inventory.Application\Products\DTOs\ExcelExportDto.cs(3,19): warning CS8618: Non-nullable property 'ProductName' must contain a non-null value when exiting constructor. Consider adding the 'required' modifier or declaring the property as nullable. [c:\Projects\Decode\Microservices\Inventory\Inventory.Application\Inventory.Application.csproj]
c:\Projects\Decode\Microservices\Inventory\Inventory.Application\Products\DTOs\ExcelExportDto.cs(4,19): warning CS8618: Non-nullable property 'SKU' must contain a non-null value when exiting constructor. Consider adding the 'required' modifier or declaring the property as nullable. [c:\Projects\Decode\Microservices\Inventory\Inventory.Application\Inventory.Application.csproj]
c:\Projects\Decode\Microservices\Inventory\Inventory.Application\Products\DTOs\ExcelExportDto.cs(5,19): warning CS8618: Non-nullable property 'Category' must contain a non-null value when exiting constructor. Consider adding the 'required' modifier or declaring the property as nullable. [c:\Projects\Decode\Microservices\Inventory\Inventory.Application\Inventory.Application.csproj]
c:\Projects\Decode\Microservices\Inventory\Inventory.Application\Products\DTOs\ExcelExportDto.cs(8,19): warning CS8618: Non-nullable property 'Unit' must contain a non-null value when exiting constructor. Consider adding the 'required' modifier or declaring the property as nullable. [c:\Projects\Decode\Microservices\Inventory\Inventory.Application\Inventory.Application.csproj]
c:\Projects\Decode\Microservices\Inventory\Inventory.Application\Products\DTOs\LowStockProductDto.cs(4,19): warning CS8618: Non-nullable property 'CategoryName' must contain a non-null value when exiting constructor. Consider adding the 'required' modifier or declaring the property as nullable. [c:\Projects\Decode\Microservices\Inventory\Inventory.Application\Inventory.Application.csproj]
c:\Projects\Decode\Microservices\Inventory\Inventory.Application\Products\DTOs\LowStockProductDto.cs(5,19): warning CS8618: Non-nullable property 'SubCategoryName' must contain a non-null value when exiting constructor. Consider adding the 'required' modifier or declaring the property as nullable. [c:\Projects\Decode\Microservices\Inventory\Inventory.Application\Inventory.Application.csproj]
c:\Projects\Decode\Microservices\Inventory\Inventory.Application\Products\DTOs\LowStockProductDto.cs(6,19): warning CS8618: Non-nullable property 'ProductName' must contain a non-null value when exiting constructor. Consider adding the 'required' modifier or declaring the property as nullable. [c:\Projects\Decode\Microservices\Inventory\Inventory.Application\Inventory.Application.csproj]
c:\Projects\Decode\Microservices\Inventory\Inventory.Application\Products\DTOs\LowStockProductDto.cs(7,19): warning CS8618: Non-nullable property 'SKU' must contain a non-null value when exiting constructor. Consider adding the 'required' modifier or declaring the property as nullable. [c:\Projects\Decode\Microservices\Inventory\Inventory.Application\Inventory.Application.csproj]
c:\Projects\Decode\Microservices\Inventory\Inventory.Application\Products\DTOs\LowStockProductDto.cs(8,19): warning CS8618: Non-nullable property 'Unit' must contain a non-null value when exiting constructor. Consider adding the 'required' modifier or declaring the property as nullable. [c:\Projects\Decode\Microservices\Inventory\Inventory.Application\Inventory.Application.csproj]
c:\Projects\Decode\Microservices\Inventory\Inventory.Application\GRN\DTOs\Stock\StockRefillDetailsDto.cs(5,19): warning CS8618: Non-nullable property 'SupplierName' must contain a non-null value when exiting constructor. Consider adding the 'required' modifier or declaring the property as nullable. [c:\Projects\Decode\Microservices\Inventory\Inventory.Application\Inventory.Application.csproj]
c:\Projects\Decode\Microservices\Inventory\Inventory.Application\GRN\DTOs\Stock\StockRefillDetailsDto.cs(7,19): warning CS8618: Non-nullable property 'PoNumber' must contain a non-null value when exiting constructor. Consider adding the 'required' modifier or declaring the property as nullable. [c:\Projects\Decode\Microservices\Inventory\Inventory.Application\Inventory.Application.csproj]
c:\Projects\Decode\Microservices\Inventory\Inventory.Application\GRN\DTOs\Stock\StockRefillDetailsDto.cs(13,19): warning CS8618: Non-nullable property 'ProductName' must contain a non-null value when exiting constructor. Consider adding the 'required' modifier or declaring the property as nullable. [c:\Projects\Decode\Microservices\Inventory\Inventory.Application\Inventory.Application.csproj]
c:\Projects\Decode\Microservices\Inventory\Inventory.Application\GRN\DTOs\Stock\StockRefillDetailsDto.cs(15,19): warning CS8618: Non-nullable property 'Unit' must contain a non-null value when exiting constructor. Consider adding the 'required' modifier or declaring the property as nullable. [c:\Projects\Decode\Microservices\Inventory\Inventory.Application\Inventory.Application.csproj]
c:\Projects\Decode\Microservices\Inventory\Inventory.Application\GRN\DTOs\Stock\StockRefillDetailsDto.cs(23,19): warning CS8618: Non-nullable property 'Remarks' must contain a non-null value when exiting constructor. Consider adding the 'required' modifier or declaring the property as nullable. [c:\Projects\Decode\Microservices\Inventory\Inventory.Application\Inventory.Application.csproj]
c:\Projects\Decode\Microservices\Inventory\Inventory.Application\Products\Queries\GetProductLookups\GetProductLookupsQueryHandler.cs(31,24): warning CS8601: Possible null reference assignment. [c:\Projects\Decode\Microservices\Inventory\Inventory.Application\Inventory.Application.csproj]
c:\Projects\Decode\Microservices\Inventory\Inventory.Application\Products\Queries\GetProductLookups\GetProductLookupsQueryHandler.cs(32,32): warning CS8601: Possible null reference assignment. [c:\Projects\Decode\Microservices\Inventory\Inventory.Application\Inventory.Application.csproj]
c:\Projects\Decode\Microservices\Inventory\Inventory.Application\Products\Queries\GetProductLookups\GetProductLookupsQueryHandler.cs(40,24): warning CS8601: Possible null reference assignment. [c:\Projects\Decode\Microservices\Inventory\Inventory.Application\Inventory.Application.csproj]
c:\Projects\Decode\Microservices\Inventory\Inventory.Application\PurchaseOrders\DTOs\PODocumentDto.cs(4,19): warning CS8618: Non-nullable property 'PoNumber' must contain a non-null value when exiting constructor. Consider adding the 'required' modifier or declaring the property as nullable. [c:\Projects\Decode\Microservices\Inventory\Inventory.Application\Inventory.Application.csproj]
c:\Projects\Decode\Microservices\Inventory\Inventory.Application\PurchaseOrders\DTOs\PODocumentDto.cs(5,19): warning CS8618: Non-nullable property 'SupplierName' must contain a non-null value when exiting constructor. Consider adding the 'required' modifier or declaring the property as nullable. [c:\Projects\Decode\Microservices\Inventory\Inventory.Application\Inventory.Application.csproj]
c:\Projects\Decode\Microservices\Inventory\Inventory.Application\PurchaseOrders\DTOs\PODocumentDto.cs(7,19): warning CS8618: Non-nullable property 'Remarks' must contain a non-null value when exiting constructor. Consider adding the 'required' modifier or declaring the property as nullable. [c:\Projects\Decode\Microservices\Inventory\Inventory.Application\Inventory.Application.csproj]
c:\Projects\Decode\Microservices\Inventory\Inventory.Application\PurchaseOrders\DTOs\PODocumentDto.cs(11,19): warning CS8618: Non-nullable property 'Status' must contain a non-null value when exiting constructor. Consider adding the 'required' modifier or declaring the property as nullable. [c:\Projects\Decode\Microservices\Inventory\Inventory.Application\Inventory.Application.csproj]
c:\Projects\Decode\Microservices\Inventory\Inventory.Application\PurchaseOrders\DTOs\PODocumentDto.cs(12,19): warning CS8618: Non-nullable property 'CreatedBy' must contain a non-null value when exiting constructor. Consider adding the 'required' modifier or declaring the property as nullable. [c:\Projects\Decode\Microservices\Inventory\Inventory.Application\Inventory.Application.csproj]
c:\Projects\Decode\Microservices\Inventory\Inventory.Application\PurchaseOrders\DTOs\PODocumentDto.cs(15,36): warning CS8618: Non-nullable property 'Items' must contain a non-null value when exiting constructor. Consider adding the 'required' modifier or declaring the property as nullable. [c:\Projects\Decode\Microservices\Inventory\Inventory.Application\Inventory.Application.csproj]
c:\Projects\Decode\Microservices\Inventory\Inventory.Application\PurchaseOrders\DTOs\PODocumentDto.cs(23,19): warning CS8618: Non-nullable property 'ProductName' must contain a non-null value when exiting constructor. Consider adding the 'required' modifier or declaring the property as nullable. [c:\Projects\Decode\Microservices\Inventory\Inventory.Application\Inventory.Application.csproj]
c:\Projects\Decode\Microservices\Inventory\Inventory.Application\PurchaseOrders\DTOs\PODocumentDto.cs(25,19): warning CS8618: Non-nullable property 'Unit' must contain a non-null value when exiting constructor. Consider adding the 'required' modifier or declaring the property as nullable. [c:\Projects\Decode\Microservices\Inventory\Inventory.Application\Inventory.Application.csproj]
c:\Projects\Decode\Microservices\Inventory\Inventory.Application\PurchaseOrders\Queries\GetPOsPaged\GetPurchaseOrdersHandler.cs(13,50): warning CS8604: Possible null reference argument for parameter 'sortField' in 'Task<(IEnumerable<PurchaseOrder> Items, int TotalCount)> IPurchaseOrderRepository.GetPagedOrdersAsync(int pageIndex, int pageSize, string sortField, string sortOrder, string filter)'. [c:\Projects\Decode\Microservices\Inventory\Inventory.Application\Inventory.Application.csproj]
c:\Projects\Decode\Microservices\Inventory\Inventory.Application\PurchaseOrders\Queries\GetPOsPaged\GetPurchaseOrdersHandler.cs(13,69): warning CS8604: Possible null reference argument for parameter 'sortOrder' in 'Task<(IEnumerable<PurchaseOrder> Items, int TotalCount)> IPurchaseOrderRepository.GetPagedOrdersAsync(int pageIndex, int pageSize, string sortField, string sortOrder, string filter)'. [c:\Projects\Decode\Microservices\Inventory\Inventory.Application\Inventory.Application.csproj]
c:\Projects\Decode\Microservices\Inventory\Inventory.Application\PurchaseOrders\Queries\GetPOsPaged\GetPurchaseOrdersHandler.cs(13,88): warning CS8604: Possible null reference argument for parameter 'filter' in 'Task<(IEnumerable<PurchaseOrder> Items, int TotalCount)> IPurchaseOrderRepository.GetPagedOrdersAsync(int pageIndex, int pageSize, string sortField, string sortOrder, string filter)'. [c:\Projects\Decode\Microservices\Inventory\Inventory.Application\Inventory.Application.csproj]
c:\Projects\Decode\Microservices\Inventory\Inventory.Application\PurchaseOrders\DTOs\PurchaseOrderDto.cs(4,19): warning CS8618: Non-nullable property 'PoNumber' must contain a non-null value when exiting constructor. Consider adding the 'required' modifier or declaring the property as nullable. [c:\Projects\Decode\Microservices\Inventory\Inventory.Application\Inventory.Application.csproj]
c:\Projects\Decode\Microservices\Inventory\Inventory.Application\PurchaseOrders\DTOs\PurchaseOrderDto.cs(6,19): warning CS8618: Non-nullable property 'SupplierName' must contain a non-null value when exiting constructor. Consider adding the 'required' modifier or declaring the property as nullable. [c:\Projects\Decode\Microservices\Inventory\Inventory.Application\Inventory.Application.csproj]
c:\Projects\Decode\Microservices\Inventory\Inventory.Application\PurchaseOrders\DTOs\PurchaseOrderDto.cs(13,19): warning CS8618: Non-nullable property 'Status' must contain a non-null value when exiting constructor. Consider adding the 'required' modifier or declaring the property as nullable. [c:\Projects\Decode\Microservices\Inventory\Inventory.Application\Inventory.Application.csproj]
c:\Projects\Decode\Microservices\Inventory\Inventory.Application\PurchaseOrders\DTOs\PurchaseOrderDto.cs(14,19): warning CS8618: Non-nullable property 'CreatedBy' must contain a non-null value when exiting constructor. Consider adding the 'required' modifier or declaring the property as nullable. [c:\Projects\Decode\Microservices\Inventory\Inventory.Application\Inventory.Application.csproj]
c:\Projects\Decode\Microservices\Inventory\Inventory.Application\PurchaseOrders\DTOs\PurchaseOrderDto.cs(15,19): warning CS8618: Non-nullable property 'UpdatedBy' must contain a non-null value when exiting constructor. Consider adding the 'required' modifier or declaring the property as nullable. [c:\Projects\Decode\Microservices\Inventory\Inventory.Application\Inventory.Application.csproj]
c:\Projects\Decode\Microservices\Inventory\Inventory.Application\PurchaseOrders\Queries\POHeader\GetPOHeaderDetailsHandler.cs(19,32): warning CS8603: Possible null reference return. [c:\Projects\Decode\Microservices\Inventory\Inventory.Application\Inventory.Application.csproj]
c:\Projects\Decode\Microservices\Inventory\Inventory.Application\PurchaseReturn\DTOs\RejectedItemDto.cs(4,19): warning CS8618: Non-nullable property 'ProductName' must contain a non-null value when exiting constructor. Consider adding the 'required' modifier or declaring the property as nullable. [c:\Projects\Decode\Microservices\Inventory\Inventory.Application\Inventory.Application.csproj]
c:\Projects\Decode\Microservices\Inventory\Inventory.Application\PurchaseReturn\DTOs\RejectedItemDto.cs(5,19): warning CS8618: Non-nullable property 'GrnRef' must contain a non-null value when exiting constructor. Consider adding the 'required' modifier or declaring the property as nullable. [c:\Projects\Decode\Microservices\Inventory\Inventory.Application\Inventory.Application.csproj]
c:\Projects\Decode\Microservices\Inventory\Inventory.Application\SaleOrders\SaleReturn\DTOs\CreditNotePrintDto.cs(5,19): warning CS8618: Non-nullable property 'ReturnNumber' must contain a non-null value when exiting constructor. Consider adding the 'required' modifier or declaring the property as nullable. [c:\Projects\Decode\Microservices\Inventory\Inventory.Application\Inventory.Application.csproj]
c:\Projects\Decode\Microservices\Inventory\Inventory.Application\SaleOrders\SaleReturn\DTOs\CreditNotePrintDto.cs(8,19): warning CS8618: Non-nullable property 'CustomerName' must contain a non-null value when exiting constructor. Consider adding the 'required' modifier or declaring the property as nullable. [c:\Projects\Decode\Microservices\Inventory\Inventory.Application\Inventory.Application.csproj]
c:\Projects\Decode\Microservices\Inventory\Inventory.Application\SaleOrders\SaleReturn\DTOs\CreditNotePrintDto.cs(9,19): warning CS8618: Non-nullable property 'SONumber' must contain a non-null value when exiting constructor. Consider adding the 'required' modifier or declaring the property as nullable. [c:\Projects\Decode\Microservices\Inventory\Inventory.Application\Inventory.Application.csproj]
c:\Projects\Decode\Microservices\Inventory\Inventory.Application\SaleOrders\SaleReturn\DTOs\CreditNotePrintDto.cs(14,37): warning CS8618: Non-nullable property 'Items' must contain a non-null value when exiting constructor. Consider adding the 'required' modifier or declaring the property as nullable. [c:\Projects\Decode\Microservices\Inventory\Inventory.Application\Inventory.Application.csproj]
c:\Projects\Decode\Microservices\Inventory\Inventory.Application\SaleOrders\SaleReturn\DTOs\CreditNotePrintDto.cs(15,30): warning CS8618: Non-nullable property 'CompanyInfo' must contain a non-null value when exiting constructor. Consider adding the 'required' modifier or declaring the property as nullable. [c:\Projects\Decode\Microservices\Inventory\Inventory.Application\Inventory.Application.csproj]
c:\Projects\Decode\Microservices\Inventory\Inventory.Application\SaleOrders\SaleReturn\DTOs\CreditNotePrintDto.cs(20,19): warning CS8618: Non-nullable property 'ProductName' must contain a non-null value when exiting constructor. Consider adding the 'required' modifier or declaring the property as nullable. [c:\Projects\Decode\Microservices\Inventory\Inventory.Application\Inventory.Application.csproj]
c:\Projects\Decode\Microservices\Inventory\Inventory.Application\Categories\Queries\GetCategoryById\GetCategoryByIdQueryHandler.cs(26,28): warning CS8601: Possible null reference assignment. [c:\Projects\Decode\Microservices\Inventory\Inventory.Application\Inventory.Application.csproj]
c:\Projects\Decode\Microservices\Inventory\Inventory.Application\Categories\Queries\GetCategoryById\GetCategoryByIdQueryHandler.cs(27,28): warning CS8601: Possible null reference assignment. [c:\Projects\Decode\Microservices\Inventory\Inventory.Application\Inventory.Application.csproj]
c:\Projects\Decode\Microservices\Inventory\Inventory.Application\Subcategories\Queries\GetSubcategoriesByCategory\GetSubcategoriesByCategoryQueryHandler.cs(26,28): warning CS8601: Possible null reference assignment. [c:\Projects\Decode\Microservices\Inventory\Inventory.Application\Inventory.Application.csproj]
c:\Projects\Decode\Microservices\Inventory\Inventory.Application\Subcategories\Queries\GetSubcategoriesByCategory\GetSubcategoriesByCategoryQueryHandler.cs(27,31): warning CS8601: Possible null reference assignment. [c:\Projects\Decode\Microservices\Inventory\Inventory.Application\Inventory.Application.csproj]
c:\Projects\Decode\Microservices\Inventory\Inventory.Application\Subcategories\Queries\GetSubcategoriesByCategory\GetSubcategoriesByCategoryQueryHandler.cs(28,31): warning CS8601: Possible null reference assignment. [c:\Projects\Decode\Microservices\Inventory\Inventory.Application\Inventory.Application.csproj]
c:\Projects\Decode\Microservices\Inventory\Inventory.Application\PurchaseOrders\DTOs\PurchaseOrderItemDto.cs(6,19): warning CS8618: Non-nullable property 'ProductName' must contain a non-null value when exiting constructor. Consider adding the 'required' modifier or declaring the property as nullable. [c:\Projects\Decode\Microservices\Inventory\Inventory.Application\Inventory.Application.csproj]
c:\Projects\Decode\Microservices\Inventory\Inventory.Application\PurchaseOrders\DTOs\PurchaseOrderItemDto.cs(8,19): warning CS8618: Non-nullable property 'Unit' must contain a non-null value when exiting constructor. Consider adding the 'required' modifier or declaring the property as nullable. [c:\Projects\Decode\Microservices\Inventory\Inventory.Application\Inventory.Application.csproj]
c:\Projects\Decode\Microservices\Inventory\Inventory.Application\Clients\DTOs\CompanyProfileDto.cs(41,23): warning CS8618: Non-nullable property 'BankName' must contain a non-null value when exiting constructor. Consider adding the 'required' modifier or declaring the property as nullable. [c:\Projects\Decode\Microservices\Inventory\Inventory.Application\Inventory.Application.csproj]
c:\Projects\Decode\Microservices\Inventory\Inventory.Application\Clients\DTOs\CompanyProfileDto.cs(42,23): warning CS8618: Non-nullable property 'BranchName' must contain a non-null value when exiting constructor. Consider adding the 'required' modifier or declaring the property as nullable. [c:\Projects\Decode\Microservices\Inventory\Inventory.Application\Inventory.Application.csproj]
c:\Projects\Decode\Microservices\Inventory\Inventory.Application\Clients\DTOs\CompanyProfileDto.cs(43,23): warning CS8618: Non-nullable property 'AccountNumber' must contain a non-null value when exiting constructor. Consider adding the 'required' modifier or declaring the property as nullable. [c:\Projects\Decode\Microservices\Inventory\Inventory.Application\Inventory.Application.csproj]
c:\Projects\Decode\Microservices\Inventory\Inventory.Application\Clients\DTOs\CompanyProfileDto.cs(44,23): warning CS8618: Non-nullable property 'IfscCode' must contain a non-null value when exiting constructor. Consider adding the 'required' modifier or declaring the property as nullable. [c:\Projects\Decode\Microservices\Inventory\Inventory.Application\Inventory.Application.csproj]
c:\Projects\Decode\Microservices\Inventory\Inventory.Application\Clients\DTOs\CompanyProfileDto.cs(45,23): warning CS8618: Non-nullable property 'AccountType' must contain a non-null value when exiting constructor. Consider adding the 'required' modifier or declaring the property as nullable. [c:\Projects\Decode\Microservices\Inventory\Inventory.Application\Inventory.Application.csproj]
c:\Projects\Decode\Microservices\Inventory\Inventory.Application\Clients\DTOs\CompanyProfileDto.cs(46,23): warning CS8618: Non-nullable property 'Email' must contain a non-null value when exiting constructor. Consider adding the 'required' modifier or declaring the property as nullable. [c:\Projects\Decode\Microservices\Inventory\Inventory.Application\Inventory.Application.csproj]
c:\Projects\Decode\Microservices\Inventory\Inventory.Application\Clients\DTOs\CompanyProfileDto.cs(28,23): warning CS8618: Non-nullable property 'AddressLine1' must contain a non-null value when exiting constructor. Consider adding the 'required' modifier or declaring the property as nullable. [c:\Projects\Decode\Microservices\Inventory\Inventory.Application\Inventory.Application.csproj]
c:\Projects\Decode\Microservices\Inventory\Inventory.Application\Clients\DTOs\CompanyProfileDto.cs(29,23): warning CS8618: Non-nullable property 'AddressLine2' must contain a non-null value when exiting constructor. Consider adding the 'required' modifier or declaring the property as nullable. [c:\Projects\Decode\Microservices\Inventory\Inventory.Application\Inventory.Application.csproj]
c:\Projects\Decode\Microservices\Inventory\Inventory.Application\Clients\DTOs\CompanyProfileDto.cs(30,23): warning CS8618: Non-nullable property 'City' must contain a non-null value when exiting constructor. Consider adding the 'required' modifier or declaring the property as nullable. [c:\Projects\Decode\Microservices\Inventory\Inventory.Application\Inventory.Application.csproj]
c:\Projects\Decode\Microservices\Inventory\Inventory.Application\Clients\DTOs\CompanyProfileDto.cs(31,23): warning CS8618: Non-nullable property 'State' must contain a non-null value when exiting constructor. Consider adding the 'required' modifier or declaring the property as nullable. [c:\Projects\Decode\Microservices\Inventory\Inventory.Application\Inventory.Application.csproj]
c:\Projects\Decode\Microservices\Inventory\Inventory.Application\Clients\DTOs\CompanyProfileDto.cs(32,23): warning CS8618: Non-nullable property 'StateCode' must contain a non-null value when exiting constructor. Consider adding the 'required' modifier or declaring the property as nullable. [c:\Projects\Decode\Microservices\Inventory\Inventory.Application\Inventory.Application.csproj]
c:\Projects\Decode\Microservices\Inventory\Inventory.Application\Clients\DTOs\CompanyProfileDto.cs(33,23): warning CS8618: Non-nullable property 'PinCode' must contain a non-null value when exiting constructor. Consider adding the 'required' modifier or declaring the property as nullable. [c:\Projects\Decode\Microservices\Inventory\Inventory.Application\Inventory.Application.csproj]
c:\Projects\Decode\Microservices\Inventory\Inventory.Application\Clients\DTOs\CompanyProfileDto.cs(34,23): warning CS8618: Non-nullable property 'Country' must contain a non-null value when exiting constructor. Consider adding the 'required' modifier or declaring the property as nullable. [c:\Projects\Decode\Microservices\Inventory\Inventory.Application\Inventory.Application.csproj]
c:\Projects\Decode\Microservices\Inventory\Inventory.Application\Clients\DTOs\CompanyProfileDto.cs(35,23): warning CS8618: Non-nullable property 'Email' must contain a non-null value when exiting constructor. Consider adding the 'required' modifier or declaring the property as nullable. [c:\Projects\Decode\Microservices\Inventory\Inventory.Application\Inventory.Application.csproj]
c:\Projects\Decode\Microservices\Inventory\Inventory.Application\Clients\DTOs\CompanyProfileDto.cs(6,23): warning CS8618: Non-nullable property 'Name' must contain a non-null value when exiting constructor. Consider adding the 'required' modifier or declaring the property as nullable. [c:\Projects\Decode\Microservices\Inventory\Inventory.Application\Inventory.Application.csproj]
c:\Projects\Decode\Microservices\Inventory\Inventory.Application\Clients\DTOs\CompanyProfileDto.cs(7,23): warning CS8618: Non-nullable property 'Tagline' must contain a non-null value when exiting constructor. Consider adding the 'required' modifier or declaring the property as nullable. [c:\Projects\Decode\Microservices\Inventory\Inventory.Application\Inventory.Application.csproj]
c:\Projects\Decode\Microservices\Inventory\Inventory.Application\Clients\DTOs\CompanyProfileDto.cs(8,23): warning CS8618: Non-nullable property 'RegistrationNumber' must contain a non-null value when exiting constructor. Consider adding the 'required' modifier or declaring the property as nullable. [c:\Projects\Decode\Microservices\Inventory\Inventory.Application\Inventory.Application.csproj]
c:\Projects\Decode\Microservices\Inventory\Inventory.Application\Clients\DTOs\CompanyProfileDto.cs(9,23): warning CS8618: Non-nullable property 'Gstin' must contain a non-null value when exiting constructor. Consider adding the 'required' modifier or declaring the property as nullable. [c:\Projects\Decode\Microservices\Inventory\Inventory.Application\Inventory.Application.csproj]
c:\Projects\Decode\Microservices\Inventory\Inventory.Application\Clients\DTOs\CompanyProfileDto.cs(10,23): warning CS8618: Non-nullable property 'LogoUrl' must contain a non-null value when exiting constructor. Consider adding the 'required' modifier or declaring the property as nullable. [c:\Projects\Decode\Microservices\Inventory\Inventory.Application\Inventory.Application.csproj]
c:\Projects\Decode\Microservices\Inventory\Inventory.Application\Clients\DTOs\CompanyProfileDto.cs(11,23): warning CS8618: Non-nullable property 'PrimaryEmail' must contain a non-null value when exiting constructor. Consider adding the 'required' modifier or declaring the property as nullable. [c:\Projects\Decode\Microservices\Inventory\Inventory.Application\Inventory.Application.csproj]
c:\Projects\Decode\Microservices\Inventory\Inventory.Application\Clients\DTOs\CompanyProfileDto.cs(12,23): warning CS8618: Non-nullable property 'Email' must contain a non-null value when exiting constructor. Consider adding the 'required' modifier or declaring the property as nullable. [c:\Projects\Decode\Microservices\Inventory\Inventory.Application\Inventory.Application.csproj]
c:\Projects\Decode\Microservices\Inventory\Inventory.Application\Clients\DTOs\CompanyProfileDto.cs(13,23): warning CS8618: Non-nullable property 'SmtpEmail' must contain a non-null value when exiting constructor. Consider adding the 'required' modifier or declaring the property as nullable. [c:\Projects\Decode\Microservices\Inventory\Inventory.Application\Inventory.Application.csproj]
c:\Projects\Decode\Microservices\Inventory\Inventory.Application\Clients\DTOs\CompanyProfileDto.cs(14,23): warning CS8618: Non-nullable property 'SmtpPassword' must contain a non-null value when exiting constructor. Consider adding the 'required' modifier or declaring the property as nullable. [c:\Projects\Decode\Microservices\Inventory\Inventory.Application\Inventory.Application.csproj]
c:\Projects\Decode\Microservices\Inventory\Inventory.Application\Clients\DTOs\CompanyProfileDto.cs(15,23): warning CS8618: Non-nullable property 'SmtpHost' must contain a non-null value when exiting constructor. Consider adding the 'required' modifier or declaring the property as nullable. [c:\Projects\Decode\Microservices\Inventory\Inventory.Application\Inventory.Application.csproj]
c:\Projects\Decode\Microservices\Inventory\Inventory.Application\Clients\DTOs\CompanyProfileDto.cs(18,23): warning CS8618: Non-nullable property 'PrimaryPhone' must contain a non-null value when exiting constructor. Consider adding the 'required' modifier or declaring the property as nullable. [c:\Projects\Decode\Microservices\Inventory\Inventory.Application\Inventory.Application.csproj]
c:\Projects\Decode\Microservices\Inventory\Inventory.Application\Clients\DTOs\CompanyProfileDto.cs(19,23): warning CS8618: Non-nullable property 'Website' must contain a non-null value when exiting constructor. Consider adding the 'required' modifier or declaring the property as nullable. [c:\Projects\Decode\Microservices\Inventory\Inventory.Application\Inventory.Application.csproj]
c:\Projects\Decode\Microservices\Inventory\Inventory.Application\Clients\DTOs\CompanyProfileDto.cs(21,27): warning CS8618: Non-nullable property 'Address' must contain a non-null value when exiting constructor. Consider adding the 'required' modifier or declaring the property as nullable. [c:\Projects\Decode\Microservices\Inventory\Inventory.Application\Inventory.Application.csproj]
c:\Projects\Decode\Microservices\Inventory\Inventory.Application\Clients\DTOs\CompanyProfileDto.cs(22,30): warning CS8618: Non-nullable property 'BankInfo' must contain a non-null value when exiting constructor. Consider adding the 'required' modifier or declaring the property as nullable. [c:\Projects\Decode\Microservices\Inventory\Inventory.Application\Inventory.Application.csproj]
c:\Projects\Decode\Microservices\Inventory\Inventory.Application\Clients\CompanyClient.cs(44,28): warning CS8603: Possible null reference return. [c:\Projects\Decode\Microservices\Inventory\Inventory.Application\Inventory.Application.csproj]
c:\Projects\Decode\Microservices\Inventory\Inventory.Application\Clients\CompanyClient.cs(55,20): warning CS8603: Possible null reference return. [c:\Projects\Decode\Microservices\Inventory\Inventory.Application\Inventory.Application.csproj]
c:\Projects\Decode\Microservices\Inventory\Inventory.Application\Categories\Queries\GetCategories\GetCategoriesQueryHandler.cs(26,32): warning CS8601: Possible null reference assignment. [c:\Projects\Decode\Microservices\Inventory\Inventory.Application\Inventory.Application.csproj]
c:\Projects\Decode\Microservices\Inventory\Inventory.Application\Categories\Queries\GetCategories\GetCategoriesQueryHandler.cs(27,32): warning CS8601: Possible null reference assignment. [c:\Projects\Decode\Microservices\Inventory\Inventory.Application\Inventory.Application.csproj]
c:\Projects\Decode\Microservices\Inventory\Inventory.Application\Unit\DTOs\UnitRequestDto.cs(10,23): warning CS8618: Non-nullable property 'Name' must contain a non-null value when exiting constructor. Consider adding the 'required' modifier or declaring the property as nullable. [c:\Projects\Decode\Microservices\Inventory\Inventory.Application\Inventory.Application.csproj]
c:\Projects\Decode\Microservices\Inventory\Inventory.Application\Unit\DTOs\UnitRequestDto.cs(13,23): warning CS8618: Non-nullable property 'Description' must contain a non-null value when exiting constructor. Consider adding the 'required' modifier or declaring the property as nullable. [c:\Projects\Decode\Microservices\Inventory\Inventory.Application\Inventory.Application.csproj]
c:\Projects\Decode\Microservices\Inventory\Inventory.Application\Products\Queries\GetProducts\GetProductSearchHandler.cs(25,59): warning CS8602: Dereference of a possibly null reference. [c:\Projects\Decode\Microservices\Inventory\Inventory.Application\Inventory.Application.csproj]
c:\Projects\Decode\Microservices\Inventory\Inventory.Application\Products\Queries\GetProducts\GetProductSearchHandler.cs(47,25): warning CS8601: Possible null reference assignment. [c:\Projects\Decode\Microservices\Inventory\Inventory.Application\Inventory.Application.csproj]
c:\Projects\Decode\Microservices\Inventory\Inventory.Application\Products\Queries\GetProducts\GetProductSearchHandler.cs(48,23): warning CS8601: Possible null reference assignment. [c:\Projects\Decode\Microservices\Inventory\Inventory.Application\Inventory.Application.csproj]
c:\Projects\Decode\Microservices\Inventory\Inventory.Application\PriceLists\Commands\UpdatePriceList\UpdatePriceListCommand.cs(9,19): warning CS8618: Non-nullable property 'name' must contain a non-null value when exiting constructor. Consider adding the 'required' modifier or declaring the property as nullable. [c:\Projects\Decode\Microservices\Inventory\Inventory.Application\Inventory.Application.csproj]
c:\Projects\Decode\Microservices\Inventory\Inventory.Application\PriceLists\Commands\UpdatePriceList\UpdatePriceListCommand.cs(10,19): warning CS8618: Non-nullable property 'code' must contain a non-null value when exiting constructor. Consider adding the 'required' modifier or declaring the property as nullable. [c:\Projects\Decode\Microservices\Inventory\Inventory.Application\Inventory.Application.csproj]
c:\Projects\Decode\Microservices\Inventory\Inventory.Application\PriceLists\Commands\UpdatePriceList\UpdatePriceListCommand.cs(11,19): warning CS8618: Non-nullable property 'priceType' must contain a non-null value when exiting constructor. Consider adding the 'required' modifier or declaring the property as nullable. [c:\Projects\Decode\Microservices\Inventory\Inventory.Application\Inventory.Application.csproj]
c:\Projects\Decode\Microservices\Inventory\Inventory.Application\PriceLists\Commands\UpdatePriceList\UpdatePriceListCommand.cs(15,19): warning CS8618: Non-nullable property 'remarks' must contain a non-null value when exiting constructor. Consider adding the 'required' modifier or declaring the property as nullable. [c:\Projects\Decode\Microservices\Inventory\Inventory.Application\Inventory.Application.csproj]
c:\Projects\Decode\Microservices\Inventory\Inventory.Application\PriceLists\Commands\UpdatePriceList\UpdatePriceListCommand.cs(16,41): warning CS8618: Non-nullable property 'priceListItems' must contain a non-null value when exiting constructor. Consider adding the 'required' modifier or declaring the property as nullable. [c:\Projects\Decode\Microservices\Inventory\Inventory.Application\Inventory.Application.csproj]
c:\Projects\Decode\Microservices\Inventory\Inventory.Application\GRN\DTOs\SaveGRNCommandDTO.cs(13,23): warning CS8618: Non-nullable property 'Remarks' must contain a non-null value when exiting constructor. Consider adding the 'required' modifier or declaring the property as nullable. [c:\Projects\Decode\Microservices\Inventory\Inventory.Application\Inventory.Application.csproj]
c:\Projects\Decode\Microservices\Inventory\Inventory.Application\GRN\DTOs\SaveGRNCommandDTO.cs(15,23): warning CS8618: Non-nullable property 'CreatedBy' must contain a non-null value when exiting constructor. Consider adding the 'required' modifier or declaring the property as nullable. [c:\Projects\Decode\Microservices\Inventory\Inventory.Application\Inventory.Application.csproj]
c:\Projects\Decode\Microservices\Inventory\Inventory.Application\GRN\DTOs\SaveGRNCommandDTO.cs(16,33): warning CS8618: Non-nullable property 'Items' must contain a non-null value when exiting constructor. Consider adding the 'required' modifier or declaring the property as nullable. [c:\Projects\Decode\Microservices\Inventory\Inventory.Application\Inventory.Application.csproj]
c:\Projects\Decode\Microservices\Inventory\Inventory.Application\GRN\DTOs\POItemForGRNDTO.cs(10,23): warning CS8618: Non-nullable property 'ProductName' must contain a non-null value when exiting constructor. Consider adding the 'required' modifier or declaring the property as nullable. [c:\Projects\Decode\Microservices\Inventory\Inventory.Application\Inventory.Application.csproj]
c:\Projects\Decode\Microservices\Inventory\Inventory.Application\GRN\DTOs\POForGRNDTO.cs(10,23): warning CS8618: Non-nullable property 'PONumber' must contain a non-null value when exiting constructor. Consider adding the 'required' modifier or declaring the property as nullable. [c:\Projects\Decode\Microservices\Inventory\Inventory.Application\Inventory.Application.csproj]
c:\Projects\Decode\Microservices\Inventory\Inventory.Application\GRN\DTOs\POForGRNDTO.cs(12,23): warning CS8618: Non-nullable property 'SupplierName' must contain a non-null value when exiting constructor. Consider adding the 'required' modifier or declaring the property as nullable. [c:\Projects\Decode\Microservices\Inventory\Inventory.Application\Inventory.Application.csproj]
c:\Projects\Decode\Microservices\Inventory\Inventory.Application\GRN\DTOs\POForGRNDTO.cs(13,23): warning CS8618: Non-nullable property 'GrnNumber' must contain a non-null value when exiting constructor. Consider adding the 'required' modifier or declaring the property as nullable. [c:\Projects\Decode\Microservices\Inventory\Inventory.Application\Inventory.Application.csproj]
c:\Projects\Decode\Microservices\Inventory\Inventory.Application\GRN\DTOs\POForGRNDTO.cs(15,23): warning CS8618: Non-nullable property 'Remarks' must contain a non-null value when exiting constructor. Consider adding the 'required' modifier or declaring the property as nullable. [c:\Projects\Decode\Microservices\Inventory\Inventory.Application\Inventory.Application.csproj]
c:\Projects\Decode\Microservices\Inventory\Inventory.Application\GRN\DTOs\POForGRNDTO.cs(16,38): warning CS8618: Non-nullable property 'Items' must contain a non-null value when exiting constructor. Consider adding the 'required' modifier or declaring the property as nullable. [c:\Projects\Decode\Microservices\Inventory\Inventory.Application\Inventory.Application.csproj]
c:\Projects\Decode\Microservices\Inventory\Inventory.Application\GRN\DTOs\GRNListDto.cs(27,33): warning CS8618: Non-nullable property 'Items' must contain a non-null value when exiting constructor. Consider adding the 'required' modifier or declaring the property as nullable. [c:\Projects\Decode\Microservices\Inventory\Inventory.Application\Inventory.Application.csproj]
c:\Projects\Decode\Microservices\Inventory\Inventory.Application\GRN\DTOs\GRNListDto.cs(8,23): warning CS8618: Non-nullable property 'GRNNo' must contain a non-null value when exiting constructor. Consider adding the 'required' modifier or declaring the property as nullable. [c:\Projects\Decode\Microservices\Inventory\Inventory.Application\Inventory.Application.csproj]
c:\Projects\Decode\Microservices\Inventory\Inventory.Application\GRN\DTOs\GRNListDto.cs(9,23): warning CS8618: Non-nullable property 'RefPO' must contain a non-null value when exiting constructor. Consider adding the 'required' modifier or declaring the property as nullable. [c:\Projects\Decode\Microservices\Inventory\Inventory.Application\Inventory.Application.csproj]
c:\Projects\Decode\Microservices\Inventory\Inventory.Application\GRN\DTOs\GRNListDto.cs(10,23): warning CS8618: Non-nullable property 'SupplierName' must contain a non-null value when exiting constructor. Consider adding the 'required' modifier or declaring the property as nullable. [c:\Projects\Decode\Microservices\Inventory\Inventory.Application\Inventory.Application.csproj]
c:\Projects\Decode\Microservices\Inventory\Inventory.Application\GRN\DTOs\GRNListDto.cs(13,23): warning CS8618: Non-nullable property 'Status' must contain a non-null value when exiting constructor. Consider adding the 'required' modifier or declaring the property as nullable. [c:\Projects\Decode\Microservices\Inventory\Inventory.Application\Inventory.Application.csproj]
c:\Projects\Decode\Microservices\Inventory\Inventory.Application\PriceLists\DTOs\PriceListItemUpdateDto.cs(14,23): warning CS8618: Non-nullable property 'unit' must contain a non-null value when exiting constructor. Consider adding the 'required' modifier or declaring the property as nullable. [c:\Projects\Decode\Microservices\Inventory\Inventory.Application\Inventory.Application.csproj]
c:\Projects\Decode\Microservices\Inventory\Inventory.Application\SaleOrders\Commands\CreateSaleOrderHandler.cs(47,28): warning CS8600: Converting null literal or possible null value to non-nullable type. [c:\Projects\Decode\Microservices\Inventory\Inventory.Application\Inventory.Application.csproj]
c:\Projects\Decode\Microservices\Inventory\Inventory.Application\SaleOrders\Commands\CreateSaleOrderHandler.cs(214,16): warning CS8603: Possible null reference return. [c:\Projects\Decode\Microservices\Inventory\Inventory.Application\Inventory.Application.csproj]
c:\Projects\Decode\Microservices\Inventory\Inventory.Application\PriceLists\DTOs\PriceListItemDto.cs(13,23): warning CS8618: Non-nullable property 'ProductName' must contain a non-null value when exiting constructor. Consider adding the 'required' modifier or declaring the property as nullable. [c:\Projects\Decode\Microservices\Inventory\Inventory.Application\Inventory.Application.csproj]
c:\Projects\Decode\Microservices\Inventory\Inventory.Application\PriceLists\DTOs\PriceListItemDto.cs(19,23): warning CS8618: Non-nullable property 'Unit' must contain a non-null value when exiting constructor. Consider adding the 'required' modifier or declaring the property as nullable. [c:\Projects\Decode\Microservices\Inventory\Inventory.Application\Inventory.Application.csproj]
c:\Projects\Decode\Microservices\Inventory\Inventory.Application\PriceLists\DTOs\CreatePriceListDto.cs(25,19): warning CS8618: Non-nullable property 'unit' must contain a non-null value when exiting constructor. Consider adding the 'required' modifier or declaring the property as nullable. [c:\Projects\Decode\Microservices\Inventory\Inventory.Application\Inventory.Application.csproj]
c:\Projects\Decode\Microservices\Inventory\Inventory.Application\PriceLists\DTOs\CreatePriceListDto.cs(14,19): warning CS8618: Non-nullable property 'CreatedBy' must contain a non-null value when exiting constructor. Consider adding the 'required' modifier or declaring the property as nullable. [c:\Projects\Decode\Microservices\Inventory\Inventory.Application\Inventory.Application.csproj]
c:\Projects\Decode\Microservices\Inventory\Inventory.Application\Products\DTOs\ProductSearchResponseDto.cs(13,23): warning CS8618: Non-nullable property 'unit' must contain a non-null value when exiting constructor. Consider adding the 'required' modifier or declaring the property as nullable. [c:\Projects\Decode\Microservices\Inventory\Inventory.Application\Inventory.Application.csproj]
c:\Projects\Decode\Microservices\Inventory\Inventory.Application\Products\DTOs\ProductSearchResponseDto.cs(14,23): warning CS8618: Non-nullable property 'brand' must contain a non-null value when exiting constructor. Consider adding the 'required' modifier or declaring the property as nullable. [c:\Projects\Decode\Microservices\Inventory\Inventory.Application\Inventory.Application.csproj]
c:\Projects\Decode\Microservices\Inventory\Inventory.Application\Products\DTOs\ProductSearchResponseDto.cs(15,23): warning CS8618: Non-nullable property 'sku' must contain a non-null value when exiting constructor. Consider adding the 'required' modifier or declaring the property as nullable. [c:\Projects\Decode\Microservices\Inventory\Inventory.Application\Inventory.Application.csproj]
c:\Projects\Decode\Microservices\Inventory\Inventory.Application\Products\DTOs\ProductSearchResponseDto.cs(16,23): warning CS8618: Non-nullable property 'hsncode' must contain a non-null value when exiting constructor. Consider adding the 'required' modifier or declaring the property as nullable. [c:\Projects\Decode\Microservices\Inventory\Inventory.Application\Inventory.Application.csproj]
c:\Projects\Decode\Microservices\Inventory\Inventory.Application\PurchaseOrders\Queries\GetPurchaseOrder\GetPurchaseOrderByIdHandler.cs(28,32): warning CS8601: Possible null reference assignment. [c:\Projects\Decode\Microservices\Inventory\Inventory.Application\Inventory.Application.csproj]
c:\Projects\Decode\Microservices\Inventory\Inventory.Application\PurchaseOrders\Queries\GetPurchaseOrder\GetPurchaseOrderByIdHandler.cs(42,35): warning CS8602: Dereference of a possibly null reference. [c:\Projects\Decode\Microservices\Inventory\Inventory.Application\Inventory.Application.csproj]
c:\Projects\Decode\Microservices\Inventory\Inventory.Application\GatePasses\DTOs\GatePassDto.cs(9,23): warning CS8618: Non-nullable property 'PassNo' must contain a non-null value when exiting constructor. Consider adding the 'required' modifier or declaring the property as nullable. [c:\Projects\Decode\Microservices\Inventory\Inventory.Application\Inventory.Application.csproj]
c:\Projects\Decode\Microservices\Inventory\Inventory.Application\GatePasses\DTOs\GatePassDto.cs(10,23): warning CS8618: Non-nullable property 'PassType' must contain a non-null value when exiting constructor. Consider adding the 'required' modifier or declaring the property as nullable. [c:\Projects\Decode\Microservices\Inventory\Inventory.Application\Inventory.Application.csproj]
c:\Projects\Decode\Microservices\Inventory\Inventory.Application\GatePasses\DTOs\GatePassDto.cs(12,23): warning CS8618: Non-nullable property 'ReferenceId' must contain a non-null value when exiting constructor. Consider adding the 'required' modifier or declaring the property as nullable. [c:\Projects\Decode\Microservices\Inventory\Inventory.Application\Inventory.Application.csproj]
c:\Projects\Decode\Microservices\Inventory\Inventory.Application\GatePasses\DTOs\GatePassDto.cs(13,23): warning CS8618: Non-nullable property 'ReferenceNo' must contain a non-null value when exiting constructor. Consider adding the 'required' modifier or declaring the property as nullable. [c:\Projects\Decode\Microservices\Inventory\Inventory.Application\Inventory.Application.csproj]
c:\Projects\Decode\Microservices\Inventory\Inventory.Application\GatePasses\DTOs\GatePassDto.cs(15,23): warning CS8618: Non-nullable property 'PartyName' must contain a non-null value when exiting constructor. Consider adding the 'required' modifier or declaring the property as nullable. [c:\Projects\Decode\Microservices\Inventory\Inventory.Application\Inventory.Application.csproj]
c:\Projects\Decode\Microservices\Inventory\Inventory.Application\GatePasses\DTOs\GatePassDto.cs(16,23): warning CS8618: Non-nullable property 'VehicleNo' must contain a non-null value when exiting constructor. Consider adding the 'required' modifier or declaring the property as nullable. [c:\Projects\Decode\Microservices\Inventory\Inventory.Application\Inventory.Application.csproj]
c:\Projects\Decode\Microservices\Inventory\Inventory.Application\GatePasses\DTOs\GatePassDto.cs(18,23): warning CS8618: Non-nullable property 'DriverName' must contain a non-null value when exiting constructor. Consider adding the 'required' modifier or declaring the property as nullable. [c:\Projects\Decode\Microservices\Inventory\Inventory.Application\Inventory.Application.csproj]
c:\Projects\Decode\Microservices\Inventory\Inventory.Application\GatePasses\DTOs\GatePassDto.cs(19,23): warning CS8618: Non-nullable property 'DriverPhone' must contain a non-null value when exiting constructor. Consider adding the 'required' modifier or declaring the property as nullable. [c:\Projects\Decode\Microservices\Inventory\Inventory.Application\Inventory.Application.csproj]
c:\Projects\Decode\Microservices\Inventory\Inventory.Application\GatePasses\DTOs\GatePassDto.cs(24,23): warning CS8618: Non-nullable property 'SecurityGuard' must contain a non-null value when exiting constructor. Consider adding the 'required' modifier or declaring the property as nullable. [c:\Projects\Decode\Microservices\Inventory\Inventory.Application\Inventory.Application.csproj]
c:\Projects\Decode\Microservices\Inventory\Inventory.Application\PurchaseReturn\SupplierSelectDto.cs(10,23): warning CS8618: Non-nullable property 'Name' must contain a non-null value when exiting constructor. Consider adding the 'required' modifier or declaring the property as nullable. [c:\Projects\Decode\Microservices\Inventory\Inventory.Application\Inventory.Application.csproj]
c:\Projects\Decode\Microservices\Inventory\Inventory.Application\Categories\Queries\GetCategories\GetCategoriesPagedQueryHandler.cs(60,42): warning CS8602: Dereference of a possibly null reference. [c:\Projects\Decode\Microservices\Inventory\Inventory.Application\Inventory.Application.csproj]
c:\Projects\Decode\Microservices\Inventory\Inventory.Application\Categories\Queries\GetCategories\GetCategoriesPagedQueryHandler.cs(113,32): warning CS8601: Possible null reference assignment. [c:\Projects\Decode\Microservices\Inventory\Inventory.Application\Inventory.Application.csproj]
c:\Projects\Decode\Microservices\Inventory\Inventory.Application\Categories\Queries\GetCategories\GetCategoriesPagedQueryHandler.cs(114,32): warning CS8601: Possible null reference assignment. [c:\Projects\Decode\Microservices\Inventory\Inventory.Application\Inventory.Application.csproj]
c:\Projects\Decode\Microservices\Inventory\Inventory.Application\PurchaseReturn\DTOs\ReceivedStockDto.cs(8,23): warning CS8618: Non-nullable property 'ProductName' must contain a non-null value when exiting constructor. Consider adding the 'required' modifier or declaring the property as nullable. [c:\Projects\Decode\Microservices\Inventory\Inventory.Application\Inventory.Application.csproj]
c:\Projects\Decode\Microservices\Inventory\Inventory.Application\PurchaseReturn\DTOs\ReceivedStockDto.cs(9,23): warning CS8618: Non-nullable property 'GrnRef' must contain a non-null value when exiting constructor. Consider adding the 'required' modifier or declaring the property as nullable. [c:\Projects\Decode\Microservices\Inventory\Inventory.Application\Inventory.Application.csproj]
c:\Projects\Decode\Microservices\Inventory\Inventory.Application\SaleOrders\SaleReturn\DTOs\SaleReturnExportDto.cs(9,23): warning CS8618: Non-nullable property 'ReturnNumber' must contain a non-null value when exiting constructor. Consider adding the 'required' modifier or declaring the property as nullable. [c:\Projects\Decode\Microservices\Inventory\Inventory.Application\Inventory.Application.csproj]
c:\Projects\Decode\Microservices\Inventory\Inventory.Application\SaleOrders\SaleReturn\DTOs\SaleReturnExportDto.cs(10,23): warning CS8618: Non-nullable property 'ReturnDate' must contain a non-null value when exiting constructor. Consider adding the 'required' modifier or declaring the property as nullable. [c:\Projects\Decode\Microservices\Inventory\Inventory.Application\Inventory.Application.csproj]
c:\Projects\Decode\Microservices\Inventory\Inventory.Application\SaleOrders\SaleReturn\DTOs\SaleReturnExportDto.cs(11,23): warning CS8618: Non-nullable property 'CustomerName' must contain a non-null value when exiting constructor. Consider adding the 'required' modifier or declaring the property as nullable. [c:\Projects\Decode\Microservices\Inventory\Inventory.Application\Inventory.Application.csproj]
c:\Projects\Decode\Microservices\Inventory\Inventory.Application\SaleOrders\SaleReturn\DTOs\SaleReturnExportDto.cs(12,23): warning CS8618: Non-nullable property 'SONumber' must contain a non-null value when exiting constructor. Consider adding the 'required' modifier or declaring the property as nullable. [c:\Projects\Decode\Microservices\Inventory\Inventory.Application\Inventory.Application.csproj]
c:\Projects\Decode\Microservices\Inventory\Inventory.Application\SaleOrders\SaleReturn\DTOs\SaleReturnExportDto.cs(14,23): warning CS8618: Non-nullable property 'Status' must contain a non-null value when exiting constructor. Consider adding the 'required' modifier or declaring the property as nullable. [c:\Projects\Decode\Microservices\Inventory\Inventory.Application\Inventory.Application.csproj]
c:\Projects\Decode\Microservices\Inventory\Inventory.Application\PurchaseReturn\DTOs\PurchaseReturnDto.cs(20,23): warning CS8618: Non-nullable property 'GrnRef' must contain a non-null value when exiting constructor. Consider adding the 'required' modifier or declaring the property as nullable. [c:\Projects\Decode\Microservices\Inventory\Inventory.Application\Inventory.Application.csproj]
c:\Projects\Decode\Microservices\Inventory\Inventory.Application\PurchaseReturn\DTOs\PurchaseReturnDto.cs(11,23): warning CS8618: Non-nullable property 'Remarks' must contain a non-null value when exiting constructor. Consider adding the 'required' modifier or declaring the property as nullable. [c:\Projects\Decode\Microservices\Inventory\Inventory.Application\Inventory.Application.csproj]
c:\Projects\Decode\Microservices\Inventory\Inventory.Application\PurchaseReturn\DTOs\PurchaseReturnDto.cs(13,44): warning CS8618: Non-nullable property 'Items' must contain a non-null value when exiting constructor. Consider adding the 'required' modifier or declaring the property as nullable. [c:\Projects\Decode\Microservices\Inventory\Inventory.Application\Inventory.Application.csproj]
c:\Projects\Decode\Microservices\Inventory\Inventory.Application\PurchaseReturn\DTOs\PurchaseReturnDetailDto.cs(16,23): warning CS8618: Non-nullable property 'Status' must contain a non-null value when exiting constructor. Consider adding the 'required' modifier or declaring the property as nullable. [c:\Projects\Decode\Microservices\Inventory\Inventory.Application\Inventory.Application.csproj]
c:\Projects\Decode\Microservices\Inventory\Inventory.Application\PurchaseOrders\Commands\Update\UpdatePurchaseOrderHandler.cs(36,27): warning CS8601: Possible null reference assignment. [c:\Projects\Decode\Microservices\Inventory\Inventory.Application\Inventory.Application.csproj]
c:\Projects\Decode\Microservices\Inventory\Inventory.Application\PurchaseOrders\DTOs\UpdatePOStatusDto.cs(6,23): warning CS8618: Non-nullable property 'Status' must contain a non-null value when exiting constructor. Consider adding the 'required' modifier or declaring the property as nullable. [c:\Projects\Decode\Microservices\Inventory\Inventory.Application\Inventory.Application.csproj]
c:\Projects\Decode\Microservices\Inventory\Inventory.Application\PurchaseOrders\DTOs\PORepoPrintResponse.cs(9,23): warning CS8618: Non-nullable property 'PdfBytes' must contain a non-null value when exiting constructor. Consider adding the 'required' modifier or declaring the property as nullable. [c:\Projects\Decode\Microservices\Inventory\Inventory.Application\Inventory.Application.csproj]
c:\Projects\Decode\Microservices\Inventory\Inventory.Application\PurchaseOrders\DTOs\PORepoPrintResponse.cs(10,23): warning CS8618: Non-nullable property 'HeaderTitle' must contain a non-null value when exiting constructor. Consider adding the 'required' modifier or declaring the property as nullable. [c:\Projects\Decode\Microservices\Inventory\Inventory.Application\Inventory.Application.csproj]
c:\Projects\Decode\Microservices\Inventory\Inventory.Application\Stock\StockMovementDto.cs(9,23): warning CS8618: Non-nullable property 'Product' must contain a non-null value when exiting constructor. Consider adding the 'required' modifier or declaring the property as nullable. [c:\Projects\Decode\Microservices\Inventory\Inventory.Application\Inventory.Application.csproj]
c:\Projects\Decode\Microservices\Inventory\Inventory.Application\Stock\StockMovementDto.cs(10,23): warning CS8618: Non-nullable property 'Type' must contain a non-null value when exiting constructor. Consider adding the 'required' modifier or declaring the property as nullable. [c:\Projects\Decode\Microservices\Inventory\Inventory.Application\Inventory.Application.csproj]
c:\Projects\Decode\Microservices\Inventory\Inventory.Application\Stock\StockMovementDto.cs(13,23): warning CS8618: Non-nullable property 'Status' must contain a non-null value when exiting constructor. Consider adding the 'required' modifier or declaring the property as nullable. [c:\Projects\Decode\Microservices\Inventory\Inventory.Application\Inventory.Application.csproj]
c:\Projects\Decode\Microservices\Inventory\Inventory.Application\PurchaseOrders\DTOs\POItemForGRNDto.cs(10,23): warning CS8618: Non-nullable property 'ProductName' must contain a non-null value when exiting constructor. Consider adding the 'required' modifier or declaring the property as nullable. [c:\Projects\Decode\Microservices\Inventory\Inventory.Application\Inventory.Application.csproj]
c:\Projects\Decode\Microservices\Inventory\Inventory.Application\PurchaseOrders\DTOs\POHeaderDetailsDto.cs(30,23): warning CS8618: Non-nullable property 'ProductName' must contain a non-null value when exiting constructor. Consider adding the 'required' modifier or declaring the property as nullable. [c:\Projects\Decode\Microservices\Inventory\Inventory.Application\Inventory.Application.csproj]
c:\Projects\Decode\Microservices\Inventory\Inventory.Application\PurchaseOrders\DTOs\POHeaderDetailsDto.cs(31,23): warning CS8618: Non-nullable property 'Unit' must contain a non-null value when exiting constructor. Consider adding the 'required' modifier or declaring the property as nullable. [c:\Projects\Decode\Microservices\Inventory\Inventory.Application\Inventory.Application.csproj]
c:\Projects\Decode\Microservices\Inventory\Inventory.Application\PurchaseOrders\DTOs\POHeaderDetailsDto.cs(12,23): warning CS8618: Non-nullable property 'SupplierName' must contain a non-null value when exiting constructor. Consider adding the 'required' modifier or declaring the property as nullable. [c:\Projects\Decode\Microservices\Inventory\Inventory.Application\Inventory.Application.csproj]
c:\Projects\Decode\Microservices\Inventory\Inventory.Application\PurchaseOrders\DTOs\POHeaderDetailsDto.cs(17,23): warning CS8618: Non-nullable property 'Remarks' must contain a non-null value when exiting constructor. Consider adding the 'required' modifier or declaring the property as nullable. [c:\Projects\Decode\Microservices\Inventory\Inventory.Application\Inventory.Application.csproj]
c:\Projects\Decode\Microservices\Inventory\Inventory.Application\PurchaseOrders\DTOs\POHeaderDetailsDto.cs(21,23): warning CS8618: Non-nullable property 'PoNumber' must contain a non-null value when exiting constructor. Consider adding the 'required' modifier or declaring the property as nullable. [c:\Projects\Decode\Microservices\Inventory\Inventory.Application\Inventory.Application.csproj]
c:\Projects\Decode\Microservices\Inventory\Inventory.Application\PurchaseOrders\DTOs\DeleteResponseDto.cs(10,23): warning CS8618: Non-nullable property 'Message' must contain a non-null value when exiting constructor. Consider adding the 'required' modifier or declaring the property as nullable. [c:\Projects\Decode\Microservices\Inventory\Inventory.Application\Inventory.Application.csproj]
c:\Projects\Decode\Microservices\Inventory\Inventory.Application\PurchaseOrders\DTOs\PendingPODto.cs(10,23): warning CS8618: Non-nullable property 'PoNumber' must contain a non-null value when exiting constructor. Consider adding the 'required' modifier or declaring the property as nullable. [c:\Projects\Decode\Microservices\Inventory\Inventory.Application\Inventory.Application.csproj]
c:\Projects\Decode\Microservices\Inventory\Inventory.Application\PurchaseOrders\DTOs\PendingPODto.cs(11,23): warning CS8618: Non-nullable property 'SupplierName' must contain a non-null value when exiting constructor. Consider adding the 'required' modifier or declaring the property as nullable. [c:\Projects\Decode\Microservices\Inventory\Inventory.Application\Inventory.Application.csproj]
c:\Projects\Decode\Microservices\Inventory\Inventory.Application\PurchaseOrders\DTOs\PendingPODto.cs(13,23): warning CS8618: Non-nullable property 'Status' must contain a non-null value when exiting constructor. Consider adding the 'required' modifier or declaring the property as nullable. [c:\Projects\Decode\Microservices\Inventory\Inventory.Application\Inventory.Application.csproj]
c:\Projects\Decode\Microservices\Inventory\Inventory.Application\GatePasses\Commands\CreateGatePass\CreateGatePassCommand.cs(9,23): warning CS8618: Non-nullable property 'PassType' must contain a non-null value when exiting constructor. Consider adding the 'required' modifier or declaring the property as nullable. [c:\Projects\Decode\Microservices\Inventory\Inventory.Application\Inventory.Application.csproj]
c:\Projects\Decode\Microservices\Inventory\Inventory.Application\GatePasses\Commands\CreateGatePass\CreateGatePassCommand.cs(11,23): warning CS8618: Non-nullable property 'ReferenceId' must contain a non-null value when exiting constructor. Consider adding the 'required' modifier or declaring the property as nullable. [c:\Projects\Decode\Microservices\Inventory\Inventory.Application\Inventory.Application.csproj]
c:\Projects\Decode\Microservices\Inventory\Inventory.Application\GatePasses\Commands\CreateGatePass\CreateGatePassCommand.cs(12,23): warning CS8618: Non-nullable property 'ReferenceNo' must contain a non-null value when exiting constructor. Consider adding the 'required' modifier or declaring the property as nullable. [c:\Projects\Decode\Microservices\Inventory\Inventory.Application\Inventory.Application.csproj]
c:\Projects\Decode\Microservices\Inventory\Inventory.Application\GatePasses\Commands\CreateGatePass\CreateGatePassCommand.cs(14,23): warning CS8618: Non-nullable property 'PartyName' must contain a non-null value when exiting constructor. Consider adding the 'required' modifier or declaring the property as nullable. [c:\Projects\Decode\Microservices\Inventory\Inventory.Application\Inventory.Application.csproj]
c:\Projects\Decode\Microservices\Inventory\Inventory.Application\GatePasses\Commands\CreateGatePass\CreateGatePassCommand.cs(15,23): warning CS8618: Non-nullable property 'VehicleNo' must contain a non-null value when exiting constructor. Consider adding the 'required' modifier or declaring the property as nullable. [c:\Projects\Decode\Microservices\Inventory\Inventory.Application\Inventory.Application.csproj]
c:\Projects\Decode\Microservices\Inventory\Inventory.Application\GatePasses\Commands\CreateGatePass\CreateGatePassCommand.cs(17,23): warning CS8618: Non-nullable property 'DriverName' must contain a non-null value when exiting constructor. Consider adding the 'required' modifier or declaring the property as nullable. [c:\Projects\Decode\Microservices\Inventory\Inventory.Application\Inventory.Application.csproj]
c:\Projects\Decode\Microservices\Inventory\Inventory.Application\GatePasses\Commands\CreateGatePass\CreateGatePassCommand.cs(18,23): warning CS8618: Non-nullable property 'DriverPhone' must contain a non-null value when exiting constructor. Consider adding the 'required' modifier or declaring the property as nullable. [c:\Projects\Decode\Microservices\Inventory\Inventory.Application\Inventory.Application.csproj]
c:\Projects\Decode\Microservices\Inventory\Inventory.Application\GatePasses\Commands\CreateGatePass\CreateGatePassCommand.cs(23,23): warning CS8618: Non-nullable property 'SecurityGuard' must contain a non-null value when exiting constructor. Consider adding the 'required' modifier or declaring the property as nullable. [c:\Projects\Decode\Microservices\Inventory\Inventory.Application\Inventory.Application.csproj]
c:\Projects\Decode\Microservices\Inventory\Inventory.Application\SaleOrders\DTOs\CreateSaleOrderDto.cs(14,23): warning CS8618: Non-nullable property 'Remarks' must contain a non-null value when exiting constructor. Consider adding the 'required' modifier or declaring the property as nullable. [c:\Projects\Decode\Microservices\Inventory\Inventory.Application\Inventory.Application.csproj]
c:\Projects\Decode\Microservices\Inventory\Inventory.Application\SaleOrders\DTOs\CreateSaleOrderDto.cs(19,23): warning CS8618: Non-nullable property 'CreatedBy' must contain a non-null value when exiting constructor. Consider adding the 'required' modifier or declaring the property as nullable. [c:\Projects\Decode\Microservices\Inventory\Inventory.Application\Inventory.Application.csproj]
c:\Projects\Decode\Microservices\Inventory\Inventory.Application\SaleOrders\DTOs\CreateSaleOrderDto.cs(21,39): warning CS8618: Non-nullable property 'Items' must contain a non-null value when exiting constructor. Consider adding the 'required' modifier or declaring the property as nullable. [c:\Projects\Decode\Microservices\Inventory\Inventory.Application\Inventory.Application.csproj]
c:\Projects\Decode\Microservices\Inventory\Inventory.Application\Services\EmailService.cs(27,17): warning SYSLIB0014: 'ServicePointManager' is obsolete: 'WebRequest, HttpWebRequest, ServicePoint, and WebClient are obsolete. Use HttpClient instead. Settings on ServicePointManager no longer affect SslStream or HttpClient.' (https://aka.ms/dotnet-warnings/SYSLIB0014) [c:\Projects\Decode\Microservices\Inventory\Inventory.Application\Inventory.Application.csproj]
c:\Projects\Decode\Microservices\Inventory\Inventory.Application\SaleOrders\DTOs\CreateSaleOrderDto.cs(27,23): warning CS8618: Non-nullable property 'ProductName' must contain a non-null value when exiting constructor. Consider adding the 'required' modifier or declaring the property as nullable. [c:\Projects\Decode\Microservices\Inventory\Inventory.Application\Inventory.Application.csproj]
c:\Projects\Decode\Microservices\Inventory\Inventory.Application\SaleOrders\DTOs\CreateSaleOrderDto.cs(29,23): warning CS8618: Non-nullable property 'Unit' must contain a non-null value when exiting constructor. Consider adding the 'required' modifier or declaring the property as nullable. [c:\Projects\Decode\Microservices\Inventory\Inventory.Application\Inventory.Application.csproj]
c:\Projects\Decode\Microservices\Inventory\Inventory.Application\Subcategories\Queries\GetSubcategories\GetSubcategoriesQueryHandler.cs(27,26): warning CS8601: Possible null reference assignment. [c:\Projects\Decode\Microservices\Inventory\Inventory.Application\Inventory.Application.csproj]
c:\Projects\Decode\Microservices\Inventory\Inventory.Application\Subcategories\Queries\GetSubcategories\GetSubcategoriesQueryHandler.cs(28,31): warning CS8601: Possible null reference assignment. [c:\Projects\Decode\Microservices\Inventory\Inventory.Application\Inventory.Application.csproj]
c:\Projects\Decode\Microservices\Inventory\Inventory.Application\Subcategories\Queries\GetSubcategories\GetSubcategoriesQueryHandler.cs(29,31): warning CS8601: Possible null reference assignment. [c:\Projects\Decode\Microservices\Inventory\Inventory.Application\Inventory.Application.csproj]
c:\Projects\Decode\Microservices\Inventory\Inventory.Application\Services\EmailService.cs(76,17): warning SYSLIB0014: 'ServicePointManager' is obsolete: 'WebRequest, HttpWebRequest, ServicePoint, and WebClient are obsolete. Use HttpClient instead. Settings on ServicePointManager no longer affect SslStream or HttpClient.' (https://aka.ms/dotnet-warnings/SYSLIB0014) [c:\Projects\Decode\Microservices\Inventory\Inventory.Application\Inventory.Application.csproj]
c:\Projects\Decode\Microservices\Inventory\Inventory.Application\Subcategories\Queries\GetSubcategoryById\GetSubcategoryByIdQueryHandler.cs(28,31): warning CS8601: Possible null reference assignment. [c:\Projects\Decode\Microservices\Inventory\Inventory.Application\Inventory.Application.csproj]
c:\Projects\Decode\Microservices\Inventory\Inventory.Application\Subcategories\Queries\GetSubcategoryById\GetSubcategoryByIdQueryHandler.cs(29,31): warning CS8601: Possible null reference assignment. [c:\Projects\Decode\Microservices\Inventory\Inventory.Application\Inventory.Application.csproj]
c:\Projects\Decode\Microservices\Inventory\Inventory.Application\Subcategories\Queries\Searching\GetSubcategoriesPagedHandler.cs(124,36): warning CS8601: Possible null reference assignment. [c:\Projects\Decode\Microservices\Inventory\Inventory.Application\Inventory.Application.csproj]
c:\Projects\Decode\Microservices\Inventory\Inventory.Application\Subcategories\Queries\Searching\GetSubcategoriesPagedHandler.cs(126,39): warning CS8601: Possible null reference assignment. [c:\Projects\Decode\Microservices\Inventory\Inventory.Application\Inventory.Application.csproj]
c:\Projects\Decode\Microservices\Inventory\Inventory.Application\Subcategories\Queries\Searching\GetSubcategoriesPagedHandler.cs(127,39): warning CS8601: Possible null reference assignment. [c:\Projects\Decode\Microservices\Inventory\Inventory.Application\Inventory.Application.csproj]
c:\Projects\Decode\Microservices\Inventory\Inventory.Application\Stock\Commands\MoveToExpiredRack\MoveToExpiredRackHandler.cs(25,43): warning CS8602: Dereference of a possibly null reference. [c:\Projects\Decode\Microservices\Inventory\Inventory.Application\Inventory.Application.csproj]
c:\Projects\Decode\Microservices\Inventory\Inventory.Application\Services\EmailService.cs(125,17): warning SYSLIB0014: 'ServicePointManager' is obsolete: 'WebRequest, HttpWebRequest, ServicePoint, and WebClient are obsolete. Use HttpClient instead. Settings on ServicePointManager no longer affect SslStream or HttpClient.' (https://aka.ms/dotnet-warnings/SYSLIB0014) [c:\Projects\Decode\Microservices\Inventory\Inventory.Application\Inventory.Application.csproj]
c:\Projects\Decode\Microservices\Inventory\Inventory.Application\Products\Queries\GetProducts\GetProductsPagedQueryHandler.cs(35,17): warning CS8602: Dereference of a possibly null reference. [c:\Projects\Decode\Microservices\Inventory\Inventory.Application\Inventory.Application.csproj]
c:\Projects\Decode\Microservices\Inventory\Inventory.Application\Products\Queries\GetProducts\GetProductsPagedQueryHandler.cs(36,17): warning CS8602: Dereference of a possibly null reference. [c:\Projects\Decode\Microservices\Inventory\Inventory.Application\Inventory.Application.csproj]
c:\Projects\Decode\Microservices\Inventory\Inventory.Application\Products\Queries\GetProducts\GetProductsPagedQueryHandler.cs(37,17): warning CS8602: Dereference of a possibly null reference. [c:\Projects\Decode\Microservices\Inventory\Inventory.Application\Inventory.Application.csproj]
c:\Projects\Decode\Microservices\Inventory\Inventory.Application\Products\Queries\GetProducts\GetProductsPagedQueryHandler.cs(52,56): warning CS8602: Dereference of a possibly null reference. [c:\Projects\Decode\Microservices\Inventory\Inventory.Application\Inventory.Application.csproj]
c:\Projects\Decode\Microservices\Inventory\Inventory.Application\Products\Queries\GetProducts\GetProductsPagedQueryHandler.cs(53,59): warning CS8602: Dereference of a possibly null reference. [c:\Projects\Decode\Microservices\Inventory\Inventory.Application\Inventory.Application.csproj]
c:\Projects\Decode\Microservices\Inventory\Inventory.Application\Products\Queries\GetProducts\GetProductsPagedQueryHandler.cs(54,47): warning CS8602: Dereference of a possibly null reference. [c:\Projects\Decode\Microservices\Inventory\Inventory.Application\Inventory.Application.csproj]
c:\Projects\Decode\Microservices\Inventory\Inventory.Application\Products\Queries\GetProducts\GetProductsPagedQueryHandler.cs(139,28): warning CS8601: Possible null reference assignment. [c:\Projects\Decode\Microservices\Inventory\Inventory.Application\Inventory.Application.csproj]
c:\Projects\Decode\Microservices\Inventory\Inventory.Application\Products\Queries\GetProducts\GetProductsPagedQueryHandler.cs(141,31): warning CS8601: Possible null reference assignment. [c:\Projects\Decode\Microservices\Inventory\Inventory.Application\Inventory.Application.csproj]
c:\Projects\Decode\Microservices\Inventory\Inventory.Application\Features\PurchaseOrders\Handlers\GetDateRangePurchaseOrdersQueryHandler.cs(32,32): warning CS8601: Possible null reference assignment. [c:\Projects\Decode\Microservices\Inventory\Inventory.Application\Inventory.Application.csproj]
c:\Projects\Decode\Microservices\Inventory\Inventory.Application\Features\PurchaseOrders\Handlers\GetDateRangePurchaseOrdersQueryHandler.cs(38,29): warning CS8601: Possible null reference assignment. [c:\Projects\Decode\Microservices\Inventory\Inventory.Application\Inventory.Application.csproj]
c:\Projects\Decode\Microservices\Inventory\Inventory.Application\SaleOrders\Commands\CreateSaleOrderHandler.cs(179,13): error CS0165: Use of unassigned local variable 'result' [c:\Projects\Decode\Microservices\Inventory\Inventory.Application\Inventory.Application.csproj]
    201 Warning(s)
    1 Error(s)

Time Elapsed 00:00:02.32
